2025-07-05 22:28:14,096 [INFO] Debug mode enabled. Screenshots will be saved in 'debug_screenshots'
2025-07-05 22:28:15,600 [INFO] Taking screenshot...
2025-07-05 22:28:17,252 [INFO] Detecting letters...
2025-07-05 22:28:17,825 [INFO] Detected letters: T, A, B, O, N
2025-07-05 22:28:17,825 [INFO] Finding words...
2025-07-05 22:28:17,826 [INFO] Found 36 words: NAB, BANT, BAN, NATO, TOA, TAN, BOTA, TAB, ABT, ABO, BOT, ONA, BOA, TOB, BON, BAT, BOAT, OBA, ABN, NOTA, TANO, BOTAN, NAT, OAT, AOB, OBAN, BATON, TOBA, NOT, TON, NOB, NOA, BONA, TAO, ONT, ANT
2025-07-05 22:28:17,826 [INFO] Swiping words...
2025-07-05 22:28:17,826 [INFO] Swiping: ABN
2025-07-05 22:28:21,347 [INFO] Swiping: ABO
2025-07-05 22:28:24,368 [INFO] Swiping: ABT
2025-07-05 22:28:27,455 [INFO] Swiping: ANT
2025-07-05 22:28:31,183 [INFO] Swiping: AOB
2025-07-05 22:28:34,933 [INFO] Swiping: BAN
2025-07-05 22:31:43,386 [INFO] Debug mode enabled. Screenshots will be saved in 'debug_screenshots'
2025-07-05 22:31:44,914 [INFO] Taking screenshot...
2025-07-05 22:31:46,274 [INFO] Detecting letters...
2025-07-05 22:31:46,830 [INFO] Detected letters: T, A, B, O, N
2025-07-05 22:31:46,831 [INFO] Finding words...
2025-07-05 22:31:46,831 [INFO] Found 36 words: ABN, NOT, BOA, OBAN, BOTAN, TAN, TOB, BOT, NOTA, BAN, AOB, ABT, TOA, BANT, TAO, ONT, TON, NOB, BATON, ANT, NAB, NOA, TANO, BOTA, TOBA, NAT, NATO, BAT, ABO, BOAT, BONA, ONA, BON, TAB, OBA, OAT
2025-07-05 22:31:46,831 [INFO] Swiping words...
2025-07-05 22:31:46,831 [INFO] Swiping: ABN
2025-07-05 22:31:46,880 [ERROR] Error: ADB command failed: sendevent: /dev/input/event3: Permission denied

2025-07-05 22:38:37,347 [INFO] Debug mode enabled. Screenshots will be saved in 'debug_screenshots'
2025-07-05 22:38:38,890 [INFO] Taking screenshot...
2025-07-05 22:38:40,398 [INFO] Detecting letters...
2025-07-05 22:38:41,037 [INFO] Detected letters: T, A, B, O, N
2025-07-05 22:38:41,037 [INFO] Finding words...
2025-07-05 22:38:41,037 [INFO] Found 36 words: ONT, BOAT, BOTAN, TON, NOA, BOA, BAT, NOB, TANO, TAN, BON, NAB, BATON, ABT, AOB, ABO, BOTA, BAN, ANT, NOT, OAT, OBA, TOBA, NATO, OBAN, BOT, NOTA, ONA, TOB, TOA, TAO, ABN, NAT, TAB, BANT, BONA
2025-07-05 22:38:41,037 [INFO] Swiping words...
2025-07-05 22:38:41,037 [INFO] Swiping: ABN
2025-07-05 22:38:43,732 [INFO] Swiping: ABO
2025-07-05 22:38:46,333 [INFO] Swiping: ABT
2025-07-05 22:38:49,016 [INFO] Swiping: ANT
2025-07-05 22:42:47,947 [INFO] Taking screenshot...
2025-07-05 22:42:49,711 [INFO] Detecting letters...
2025-07-05 22:42:50,274 [INFO] Detected letters: B, T, A, B, O, N
2025-07-05 22:42:50,275 [INFO] Finding words...
2025-07-05 22:42:50,275 [INFO] Found 43 words: ABBOT, BOAT, BONA, BATON, ABT, ONT, ANT, TANO, NOTA, OBA, BOTA, ABO, NOA, NOT, BON, NAB, OBAN, BOTAN, BOA, OBB, NATO, TON, ABN, TAB, OAT, ONA, BAT, BOT, TAN, BAN, NOB, TOA, TOB, TAO, AOB, TOBA, BAB, ABB, BOBA, NAT, BANT, BOB, NABOB
2025-07-05 22:42:50,275 [INFO] Swiping words...
2025-07-05 22:42:50,275 [INFO] Swiping: ABB
2025-07-05 22:42:50,334 [ERROR] Error: ADB command failed: sendevent: /dev/input/event2: Permission denied

2025-07-05 22:56:17,734 [INFO] Debug mode enabled. Screenshots will be saved in 'debug_screenshots'
2025-07-05 22:56:19,350 [INFO] Taking screenshot...
2025-07-05 22:56:21,875 [INFO] Detecting letters...
2025-07-05 22:56:22,514 [INFO] Detected letters: T, A, B, O, N
2025-07-05 22:56:22,515 [INFO] Finding words...
2025-07-05 22:56:22,515 [INFO] Found 36 words: BON, TOBA, BOA, OAT, BOAT, ABN, AOB, NAB, NOB, OBAN, TAB, ONA, TAN, TON, BOTAN, NATO, TOB, OBA, BATON, BAN, ONT, ANT, NAT, NOA, ABO, TOA, BANT, TANO, ABT, BAT, BONA, BOT, NOT, NOTA, BOTA, TAO
2025-07-05 22:56:22,515 [INFO] Swiping words...
2025-07-05 22:56:22,515 [INFO] Swiping: ABN
2025-07-05 22:56:24,636 [INFO] Swiping: ABO
2025-07-05 22:56:26,722 [INFO] Swiping: ABT
2025-07-05 22:56:28,819 [INFO] Swiping: ANT
2025-07-05 22:56:30,914 [INFO] Swiping: AOB
2025-07-05 22:56:32,978 [INFO] Swiping: BAN
2025-07-05 22:56:35,240 [INFO] Swiping: BANT
2025-07-05 22:56:37,443 [INFO] Swiping: BAT
2025-07-05 23:00:35,414 [INFO] Debug mode enabled. Screenshots will be saved in 'debug_screenshots'
2025-07-05 23:00:36,978 [INFO] Taking screenshot...
2025-07-05 23:00:38,491 [INFO] Detecting letters...
2025-07-05 23:00:39,051 [INFO] Detected letters: B, T, A, B, O, N
2025-07-05 23:00:39,052 [INFO] Finding words...
2025-07-05 23:00:39,052 [INFO] Found 43 words: BAT, ONA, NOA, TANO, ABB, TOA, BANT, ONT, NOTA, NOB, TON, BOTAN, AOB, BOAT, BAB, TAO, BON, TOB, BOBA, BOB, NATO, OBAN, ANT, ABT, NABOB, BOT, NAT, BOTA, BONA, TAB, BOA, OAT, NAB, TOBA, ABBOT, ABN, BAN, TAN, OBA, OBB, NOT, BATON, ABO
2025-07-05 23:00:39,052 [INFO] Swiping words...
2025-07-05 23:00:39,052 [INFO] Swiping: ABB
2025-07-05 23:00:40,813 [INFO] Swiping: ABBOT
2025-07-05 23:00:42,857 [INFO] Swiping: ABN
2025-07-05 23:00:44,581 [INFO] Swiping: ABO
2025-07-05 23:00:46,313 [INFO] Swiping: ABT
2025-07-05 23:00:48,030 [INFO] Swiping: ANT
2025-07-05 23:00:49,749 [INFO] Swiping: AOB
2025-07-06 21:38:19,010 [INFO] Taking screenshot...
2025-07-06 21:38:19,124 [INFO] Detecting letters...
2025-07-06 21:38:19,860 [INFO] Detected letters: T, A, B
2025-07-06 21:38:19,860 [INFO] Finding words...
2025-07-06 21:38:19,860 [INFO] Found 3 words: ABT, TAB, BAT
2025-07-06 21:38:19,860 [INFO] Swiping words...
2025-07-06 21:38:19,860 [INFO] Swiping: ABT
2025-07-06 21:38:20,368 [INFO] Swiping: BAT
2025-07-06 21:38:20,872 [INFO] Swiping: TAB
2025-07-06 21:38:21,374 [INFO] Done!
2025-07-06 21:39:52,137 [INFO] Taking screenshot...
2025-07-06 21:39:52,261 [INFO] Detecting letters...
2025-07-06 21:39:52,754 [INFO] Detected letters: B, A, B, T, A, B
2025-07-06 21:39:52,755 [INFO] Finding words...
2025-07-06 21:39:52,755 [INFO] Found 11 words: BAA, ABA, ABT, BABA, BAB, TAA, ATA, TAB, ABBA, ABB, BAT
2025-07-06 21:39:52,755 [INFO] Swiping words...
2025-07-06 21:39:52,755 [INFO] Swiping: ABA
2025-07-06 21:39:53,260 [INFO] Swiping: ABB
2025-07-06 21:39:53,769 [INFO] Swiping: ABBA
2025-07-06 21:39:54,373 [INFO] Swiping: ABT
2025-07-06 21:39:54,876 [INFO] Swiping: ATA
2025-07-06 21:39:55,378 [INFO] Swiping: BAA
2025-07-06 21:39:55,881 [INFO] Swiping: BAB
2025-07-06 21:39:56,385 [INFO] Swiping: BABA
2025-07-06 21:39:56,988 [INFO] Swiping: BAT
2025-07-06 21:39:57,492 [INFO] Swiping: TAA
2025-07-06 21:39:57,995 [INFO] Swiping: TAB
2025-07-06 21:39:58,498 [INFO] Done!
2025-07-06 21:42:36,527 [INFO] Taking screenshot...
2025-07-06 21:42:36,644 [INFO] Detecting letters...
2025-07-06 21:42:36,971 [INFO] Detected letters: T, A
2025-07-06 21:42:36,971 [INFO] Finding words...
2025-07-06 21:42:36,971 [INFO] Found 0 words: 
2025-07-06 21:42:36,971 [INFO] Swiping words...
2025-07-06 21:42:36,971 [INFO] Done!
2025-07-06 21:45:11,599 [INFO] Debug mode enabled. Screenshots will be saved in 'debug_screenshots'
2025-07-06 21:45:13,308 [INFO] Taking screenshot...
2025-07-06 21:45:13,425 [INFO] Detecting letters...
2025-07-06 21:45:13,758 [INFO] Detected letters: T, A
2025-07-06 21:45:13,758 [INFO] Finding words...
2025-07-06 21:45:13,758 [INFO] Found 0 words: 
2025-07-06 21:45:13,758 [INFO] Swiping words...
2025-07-06 21:45:13,759 [INFO] Done!
2025-07-06 21:47:57,480 [INFO] Debug mode enabled. Screenshots will be saved in 'debug_screenshots'
2025-07-06 21:47:59,103 [INFO] Taking screenshot...
2025-07-06 21:47:59,210 [INFO] Detecting letters...
2025-07-06 21:50:23,347 [INFO] Debug mode enabled. Screenshots will be saved in 'debug_screenshots'
2025-07-06 21:50:25,049 [INFO] Taking screenshot...
2025-07-06 21:50:25,168 [INFO] Detecting letters...
2025-07-06 21:52:39,425 [INFO] Debug mode enabled. Screenshots will be saved in 'debug_screenshots'
2025-07-06 21:52:41,269 [INFO] Taking screenshot...
2025-07-06 21:52:41,394 [INFO] Detecting letters...
2025-07-06 21:52:41,736 [INFO] Detected letters: A, B
2025-07-06 21:52:41,736 [INFO] Finding words...
2025-07-06 21:52:41,736 [INFO] Found 0 words: 
2025-07-06 21:52:41,736 [INFO] Swiping words...
2025-07-06 21:52:41,736 [INFO] Done!
2025-07-06 21:58:37,455 [INFO] Debug mode enabled. Screenshots will be saved in 'debug_screenshots'
2025-07-06 21:58:39,106 [INFO] Getting processed screenshot...
2025-07-06 21:58:39,128 [INFO] Detecting letters...
2025-07-06 21:58:39,350 [INFO] Detected letters: B
2025-07-06 21:58:39,350 [INFO] Finding words...
2025-07-06 21:58:39,350 [INFO] Found 0 words: 
2025-07-06 21:58:39,350 [INFO] Swiping words...
2025-07-06 21:58:39,350 [INFO] Done!
2025-07-06 21:59:31,779 [INFO] Debug mode enabled. Screenshots will be saved in 'debug_screenshots'
2025-07-06 21:59:33,461 [INFO] Getting processed screenshot...
2025-07-06 21:59:33,499 [INFO] Detecting letters...
2025-07-06 21:59:33,753 [INFO] Detected letters: A, B
2025-07-06 21:59:33,753 [INFO] Finding words...
2025-07-06 21:59:33,753 [INFO] Found 0 words: 
2025-07-06 21:59:33,753 [INFO] Swiping words...
2025-07-06 21:59:33,753 [INFO] Done!
2025-07-06 21:59:57,340 [INFO] Debug mode enabled. Screenshots will be saved in 'debug_screenshots'
2025-07-06 21:59:58,960 [INFO] Getting processed screenshot...
2025-07-06 21:59:58,988 [INFO] Detecting letters...
2025-07-06 21:59:59,218 [INFO] Detected letters: A, B
2025-07-06 21:59:59,218 [INFO] Finding words...
2025-07-06 21:59:59,218 [INFO] Found 0 words: 
2025-07-06 21:59:59,218 [INFO] Swiping words...
2025-07-06 21:59:59,218 [INFO] Done!
2025-07-06 22:00:13,622 [INFO] Debug mode enabled. Screenshots will be saved in 'debug_screenshots'
2025-07-06 22:00:15,275 [INFO] Getting processed screenshot...
2025-07-06 22:00:15,305 [INFO] Detecting letters...
2025-07-06 22:00:15,556 [INFO] Detected letters: A, B
2025-07-06 22:00:15,556 [INFO] Finding words...
2025-07-06 22:00:15,557 [INFO] Found 0 words: 
2025-07-06 22:00:15,557 [INFO] Swiping words...
2025-07-06 22:00:15,557 [INFO] Done!
2025-07-06 22:00:41,158 [INFO] Debug mode enabled. Screenshots will be saved in 'debug_screenshots'
2025-07-06 22:00:42,777 [INFO] Getting processed screenshot...
2025-07-06 22:00:42,807 [INFO] Detecting letters...
2025-07-06 22:00:43,068 [INFO] Detected letters: A, B
2025-07-06 22:00:43,068 [INFO] Finding words...
2025-07-06 22:00:43,068 [INFO] Found 0 words: 
2025-07-06 22:00:43,068 [INFO] Swiping words...
2025-07-06 22:00:43,068 [INFO] Done!
2025-07-06 22:01:08,203 [INFO] Debug mode enabled. Screenshots will be saved in 'debug_screenshots'
2025-07-06 22:01:09,838 [INFO] Getting processed screenshot...
2025-07-06 22:01:09,874 [INFO] Detecting letters...
2025-07-06 22:01:10,127 [INFO] Detected letters: T, A, B
2025-07-06 22:01:10,127 [INFO] Finding words...
2025-07-06 22:01:10,127 [INFO] Found 3 words: BAT, ABT, TAB
2025-07-06 22:01:10,127 [INFO] Swiping words...
2025-07-06 22:01:10,127 [INFO] Swiping: ABT
2025-07-06 22:01:40,827 [INFO] Debug mode enabled. Screenshots will be saved in 'debug_screenshots'
2025-07-06 22:01:42,504 [INFO] Getting processed screenshot...
2025-07-06 22:01:42,527 [INFO] Detecting letters...
2025-07-06 22:01:42,775 [INFO] Detected letters: T, A, B
2025-07-06 22:01:42,775 [INFO] Finding words...
2025-07-06 22:01:42,775 [INFO] Found 3 words: ABT, TAB, BAT
2025-07-06 22:01:42,775 [INFO] Swiping words...
2025-07-06 22:01:42,775 [INFO] Swiping: ABT
2025-07-06 22:07:34,833 [INFO] Debug mode enabled. Screenshots will be saved in 'debug_screenshots'
2025-07-06 22:07:36,558 [INFO] Getting processed screenshot...
2025-07-06 22:07:36,584 [INFO] Detecting letters...
2025-07-06 22:07:36,867 [INFO] Detected letters: T, A, B
2025-07-06 22:07:36,867 [INFO] Finding words...
2025-07-06 22:07:36,867 [INFO] Found 3 words: BAT, TAB, ABT
2025-07-06 22:07:36,867 [INFO] Swiping words...
2025-07-06 22:07:36,867 [INFO] Swiping: ABT
2025-07-06 22:07:37,687 [INFO] Swiping: BAT
2025-07-06 22:07:38,502 [INFO] Swiping: TAB
2025-07-06 22:07:39,307 [INFO] Done!
2025-07-06 22:08:52,777 [INFO] Debug mode enabled. Screenshots will be saved in 'debug_screenshots'
2025-07-06 22:08:54,444 [INFO] Getting processed screenshot...
2025-07-06 22:08:54,464 [INFO] Detecting letters...
2025-07-06 22:08:54,701 [INFO] Detected letters: T, A, B
2025-07-06 22:08:54,701 [INFO] Finding words...
2025-07-06 22:08:54,701 [INFO] Found 3 words: TAB, BAT, ABT
2025-07-06 22:08:54,701 [INFO] Swiping words...
2025-07-06 22:08:54,701 [INFO] Swiping: ABT
2025-07-06 22:08:55,517 [INFO] Swiping: BAT
2025-07-06 22:08:56,331 [INFO] Swiping: TAB
2025-07-06 22:08:57,127 [INFO] Done!
2025-07-06 22:14:42,494 [INFO] Debug mode enabled. Screenshots will be saved in 'debug_screenshots'
2025-07-06 22:14:44,166 [INFO] Getting processed screenshot...
2025-07-06 22:14:44,190 [INFO] Detecting letters...
2025-07-06 22:14:44,441 [INFO] Detected letters: T, A, B
2025-07-06 22:14:44,441 [INFO] Finding words...
2025-07-06 22:14:44,441 [INFO] Found 3 words: TAB, BAT, ABT
2025-07-06 22:14:44,441 [INFO] Swiping words...
2025-07-06 22:14:44,441 [INFO] Swiping: ABT
2025-07-06 22:14:45,260 [INFO] Swiping: BAT
2025-07-06 22:14:46,061 [INFO] Swiping: TAB
2025-07-06 22:14:46,874 [INFO] Done!
2025-07-06 22:16:39,118 [INFO] Debug mode enabled. Screenshots will be saved in 'debug_screenshots'
2025-07-06 22:16:40,776 [INFO] Getting processed screenshot...
2025-07-06 22:16:40,824 [INFO] Detecting letters...
2025-07-06 22:16:41,038 [INFO] Detected letters: N
2025-07-06 22:16:41,038 [INFO] Finding words...
2025-07-06 22:16:41,038 [INFO] Found 0 words: 
2025-07-06 22:16:41,038 [INFO] Swiping words...
2025-07-06 22:16:41,038 [INFO] Done!
2025-07-06 22:17:41,175 [INFO] Debug mode enabled. Screenshots will be saved in 'debug_screenshots'
2025-07-06 22:17:42,875 [INFO] Getting processed screenshot...
2025-07-06 22:17:42,907 [INFO] Detecting letters...
2025-07-06 22:17:43,140 [INFO] Detected letters: T, A, B, N
2025-07-06 22:17:43,140 [INFO] Finding words...
2025-07-06 22:17:43,140 [INFO] Found 10 words: ANT, BAN, NAB, TAN, NAT, BAT, BANT, ABT, TAB, ABN
2025-07-06 22:17:43,140 [INFO] Swiping words...
2025-07-06 22:17:43,140 [INFO] Swiping: ABN
2025-07-06 22:17:43,973 [INFO] Swiping: ABT
2025-07-06 22:17:44,773 [INFO] Swiping: ANT
2025-07-06 22:17:45,564 [INFO] Swiping: BAN
2025-07-06 22:17:46,371 [INFO] Swiping: BANT
2025-07-06 22:17:47,284 [INFO] Swiping: BAT
2025-07-06 22:17:48,110 [INFO] Swiping: NAB
2025-07-06 22:17:48,912 [INFO] Swiping: NAT
2025-07-06 22:17:49,728 [INFO] Swiping: TAB
2025-07-06 22:17:50,541 [INFO] Swiping: TAN
2025-07-06 22:17:51,367 [INFO] Done!
2025-07-06 22:23:45,454 [INFO] Debug mode enabled. Screenshots will be saved in 'debug_screenshots'
2025-07-06 22:23:47,061 [INFO] Getting processed screenshot...
2025-07-06 22:23:47,105 [INFO] Detecting letters...
2025-07-06 22:23:47,341 [INFO] DEBUG: Detected 'T' with confidence 0.996
2025-07-06 22:23:47,342 [INFO] DEBUG: Detected 'A' with confidence 1.000
2025-07-06 22:23:47,342 [INFO] DEBUG: Detected 'B' with confidence 1.000
2025-07-06 22:23:47,342 [INFO] Detected letters: T, A, B
2025-07-06 22:23:47,342 [INFO] Finding words...
2025-07-06 22:23:47,342 [INFO] Found 3 words: BAT, TAB, ABT
2025-07-06 22:23:47,342 [INFO] Swiping words...
2025-07-06 22:23:47,342 [INFO] Swiping: ABT
2025-07-06 22:23:48,102 [INFO] Swiping: BAT
2025-07-06 22:23:48,854 [INFO] Swiping: TAB
2025-07-06 22:23:49,604 [INFO] Done!
2025-07-06 22:27:55,650 [INFO] Debug mode enabled. Screenshots will be saved in 'debug_screenshots'
2025-07-06 22:27:57,262 [INFO] Getting processed screenshot...
2025-07-06 22:27:57,440 [INFO] Detecting letters...
2025-07-06 22:27:57,681 [INFO] DEBUG: Detected 'T' with confidence 0.997
2025-07-06 22:27:57,681 [INFO] ACCEPTED: 'T' with confidence 0.997 (threshold: 0.600)
2025-07-06 22:27:57,682 [INFO] DEBUG: Detected 'A' with confidence 1.000
2025-07-06 22:27:57,682 [INFO] ACCEPTED: 'A' with confidence 1.000 (threshold: 0.600)
2025-07-06 22:27:57,682 [INFO] DEBUG: Detected 'B' with confidence 1.000
2025-07-06 22:27:57,682 [INFO] ACCEPTED: 'B' with confidence 1.000 (threshold: 0.600)
2025-07-06 22:27:57,682 [INFO] Detected letters: T, A, B
2025-07-06 22:27:57,682 [INFO] Finding words...
2025-07-06 22:27:57,682 [INFO] Found 3 words: TAB, BAT, ABT
2025-07-06 22:27:57,682 [INFO] Swiping words...
2025-07-06 22:27:57,682 [INFO] Swiping: ABT
2025-07-06 22:27:58,449 [INFO] Swiping: BAT
2025-07-06 22:27:59,192 [INFO] Swiping: TAB
2025-07-06 22:27:59,934 [INFO] Done!
2025-07-06 22:34:51,698 [INFO] Debug mode enabled. Screenshots will be saved in 'debug_screenshots'
2025-07-06 22:34:53,444 [INFO] Getting processed screenshot...
2025-07-06 22:34:53,626 [INFO] Detecting letters...
2025-07-06 22:34:53,626 [INFO] Trying parameter set 1: {'width_ths': 0.7, 'height_ths': 0.7, 'detail': 0}
2025-07-06 22:34:53,875 [WARNING] Parameter set 1 failed: not enough values to unpack (expected 3, got 1)
2025-07-06 22:34:53,875 [INFO] Trying parameter set 2: {'width_ths': 0.3, 'height_ths': 0.3, 'detail': 0}
2025-07-06 22:34:53,916 [WARNING] Parameter set 2 failed: not enough values to unpack (expected 3, got 1)
2025-07-06 22:34:53,916 [INFO] Trying parameter set 3: {'width_ths': 0.5, 'height_ths': 0.5, 'detail': 1}
2025-07-06 22:34:53,953 [INFO] DEBUG (Set 3): Detected 'T' with confidence 0.996
2025-07-06 22:34:53,953 [INFO] ACCEPTED (Set 3): 'T' with confidence 0.996 (threshold: 0.600)
2025-07-06 22:34:53,953 [INFO] DEBUG (Set 3): Detected 'A' with confidence 1.000
2025-07-06 22:34:53,953 [INFO] ACCEPTED (Set 3): 'A' with confidence 1.000 (threshold: 0.600)
2025-07-06 22:34:53,953 [INFO] DEBUG (Set 3): Detected 'B' with confidence 1.000
2025-07-06 22:34:53,953 [INFO] ACCEPTED (Set 3): 'B' with confidence 1.000 (threshold: 0.600)
2025-07-06 22:34:53,954 [INFO] Trying parameter set 4: {'width_ths': 0.1, 'height_ths': 0.1, 'detail': 1}
2025-07-06 22:34:53,996 [INFO] DEBUG (Set 4): Detected 'T' with confidence 0.996
2025-07-06 22:34:53,996 [INFO] DEBUG (Set 4): Detected 'A' with confidence 1.000
2025-07-06 22:34:53,996 [INFO] DEBUG (Set 4): Detected 'B' with confidence 1.000
2025-07-06 22:34:53,996 [INFO] Trying parameter set 5: {'width_ths': 0.2, 'height_ths': 0.2, 'detail': 0, 'paragraph': True}
2025-07-06 22:34:54,044 [WARNING] Parameter set 5 failed: too many values to unpack (expected 3)
2025-07-06 22:34:54,044 [INFO] Detected letters: T, A, B
2025-07-06 22:34:54,044 [INFO] Finding words...
2025-07-06 22:34:54,044 [INFO] Found 3 words: ABT, TAB, BAT
2025-07-06 22:34:54,044 [INFO] Swiping words...
2025-07-06 22:34:54,045 [INFO] Swiping: ABT
2025-07-06 22:34:54,791 [INFO] Swiping: BAT
2025-07-06 22:34:55,547 [INFO] Swiping: TAB
2025-07-06 22:34:56,290 [INFO] Done!
2025-07-06 22:38:35,399 [INFO] Debug mode enabled. Screenshots will be saved in 'debug_screenshots'
2025-07-06 22:38:37,200 [INFO] Getting processed screenshot...
2025-07-06 22:38:37,395 [INFO] Detecting letters...
2025-07-06 22:38:37,395 [INFO] Trying parameter set 1: {'width_ths': 0.7, 'height_ths': 0.7}
2025-07-06 22:38:37,632 [INFO] Parameter set 1 returned 4 results
2025-07-06 22:38:37,633 [INFO]   Result 1: Text='T', Confidence=0.996, Position=(219, 40)
2025-07-06 22:38:37,633 [INFO]     -> SINGLE LETTER: 'T' at (219, 40) with confidence 0.996
2025-07-06 22:38:37,633 [INFO] ACCEPTED (Set 1): 'T' with confidence 0.996 (threshold: 0.600)
2025-07-06 22:38:37,633 [INFO]   Result 2: Text='A', Confidence=1.000, Position=(70, 130)
2025-07-06 22:38:37,633 [INFO]     -> SINGLE LETTER: 'A' at (70, 130) with confidence 1.000
2025-07-06 22:38:37,633 [INFO] ACCEPTED (Set 1): 'A' with confidence 1.000 (threshold: 0.600)
2025-07-06 22:38:37,633 [INFO]   Result 3: Text='B', Confidence=1.000, Position=(316, 132)
2025-07-06 22:38:37,633 [INFO]     -> SINGLE LETTER: 'B' at (316, 132) with confidence 1.000
2025-07-06 22:38:37,634 [INFO] ACCEPTED (Set 1): 'B' with confidence 1.000 (threshold: 0.600)
2025-07-06 22:38:37,634 [INFO]   Result 4: Text='ON', Confidence=0.997, Position=(195, 273)
2025-07-06 22:38:37,634 [INFO]     -> CONTAINS TARGET LETTERS: 'ON' might be relevant
2025-07-06 22:38:37,634 [INFO] Trying parameter set 2: {'width_ths': 0.3, 'height_ths': 0.3}
2025-07-06 22:38:37,684 [INFO] Parameter set 2 returned 4 results
2025-07-06 22:38:37,684 [INFO]   Result 1: Text='T', Confidence=0.996, Position=(219, 40)
2025-07-06 22:38:37,684 [INFO]     -> SINGLE LETTER: 'T' at (219, 40) with confidence 0.996
2025-07-06 22:38:37,684 [INFO]   Result 2: Text='A', Confidence=1.000, Position=(70, 130)
2025-07-06 22:38:37,684 [INFO]     -> SINGLE LETTER: 'A' at (70, 130) with confidence 1.000
2025-07-06 22:38:37,684 [INFO]   Result 3: Text='B', Confidence=1.000, Position=(316, 132)
2025-07-06 22:38:37,684 [INFO]     -> SINGLE LETTER: 'B' at (316, 132) with confidence 1.000
2025-07-06 22:38:37,685 [INFO]   Result 4: Text='ON', Confidence=0.997, Position=(195, 273)
2025-07-06 22:38:37,685 [INFO]     -> CONTAINS TARGET LETTERS: 'ON' might be relevant
2025-07-06 22:38:37,685 [INFO] Trying parameter set 3: {'width_ths': 0.5, 'height_ths': 0.5}
2025-07-06 22:38:37,725 [INFO] Parameter set 3 returned 4 results
2025-07-06 22:38:37,725 [INFO]   Result 1: Text='T', Confidence=0.996, Position=(219, 40)
2025-07-06 22:38:37,726 [INFO]     -> SINGLE LETTER: 'T' at (219, 40) with confidence 0.996
2025-07-06 22:38:37,726 [INFO]   Result 2: Text='A', Confidence=1.000, Position=(70, 130)
2025-07-06 22:38:37,726 [INFO]     -> SINGLE LETTER: 'A' at (70, 130) with confidence 1.000
2025-07-06 22:38:37,726 [INFO]   Result 3: Text='B', Confidence=1.000, Position=(316, 132)
2025-07-06 22:38:37,726 [INFO]     -> SINGLE LETTER: 'B' at (316, 132) with confidence 1.000
2025-07-06 22:38:37,726 [INFO]   Result 4: Text='ON', Confidence=0.997, Position=(195, 273)
2025-07-06 22:38:37,726 [INFO]     -> CONTAINS TARGET LETTERS: 'ON' might be relevant
2025-07-06 22:38:37,726 [INFO] Trying parameter set 4: {'width_ths': 0.1, 'height_ths': 0.1}
2025-07-06 22:38:37,770 [INFO] Parameter set 4 returned 4 results
2025-07-06 22:38:37,770 [INFO]   Result 1: Text='T', Confidence=0.996, Position=(219, 40)
2025-07-06 22:38:37,770 [INFO]     -> SINGLE LETTER: 'T' at (219, 40) with confidence 0.996
2025-07-06 22:38:37,770 [INFO]   Result 2: Text='A', Confidence=1.000, Position=(70, 130)
2025-07-06 22:38:37,770 [INFO]     -> SINGLE LETTER: 'A' at (70, 130) with confidence 1.000
2025-07-06 22:38:37,770 [INFO]   Result 3: Text='B', Confidence=1.000, Position=(316, 132)
2025-07-06 22:38:37,771 [INFO]     -> SINGLE LETTER: 'B' at (316, 132) with confidence 1.000
2025-07-06 22:38:37,771 [INFO]   Result 4: Text='ON', Confidence=0.997, Position=(195, 273)
2025-07-06 22:38:37,771 [INFO]     -> CONTAINS TARGET LETTERS: 'ON' might be relevant
2025-07-06 22:38:37,771 [INFO] Very few letters detected, trying ultra-permissive settings...
2025-07-06 22:38:37,811 [INFO] Ultra-permissive mode returned 4 results
2025-07-06 22:38:37,811 [INFO]   Ultra Result 1: Text='T', Confidence=0.996, Position=(219, 40)
2025-07-06 22:38:37,811 [INFO] DEBUG (Ultra): Detected 'T' with confidence 0.996
2025-07-06 22:38:37,811 [INFO]   Ultra Result 2: Text='A', Confidence=1.000, Position=(70, 130)
2025-07-06 22:38:37,811 [INFO] DEBUG (Ultra): Detected 'A' with confidence 1.000
2025-07-06 22:38:37,811 [INFO]   Ultra Result 3: Text='B', Confidence=1.000, Position=(316, 132)
2025-07-06 22:38:37,812 [INFO] DEBUG (Ultra): Detected 'B' with confidence 1.000
2025-07-06 22:38:37,812 [INFO]   Ultra Result 4: Text='ON', Confidence=0.997, Position=(195, 273)
2025-07-06 22:38:37,812 [INFO] Testing without allowlist to see all possible detections...
2025-07-06 22:38:37,854 [INFO] No-allowlist mode returned 4 results
2025-07-06 22:38:37,854 [INFO]   No-allowlist Result 1: Text='T', Confidence=0.898, Position=(219, 40)
2025-07-06 22:38:37,854 [INFO]   No-allowlist Result 2: Text='A', Confidence=0.998, Position=(70, 130)
2025-07-06 22:38:37,854 [INFO]   No-allowlist Result 3: Text='B', Confidence=0.995, Position=(316, 132)
2025-07-06 22:38:37,854 [INFO]   No-allowlist Result 4: Text='0 N', Confidence=0.998, Position=(195, 273)
2025-07-06 22:38:37,854 [INFO] Detected letters: T, A, B
2025-07-06 22:38:37,854 [INFO] Finding words...
2025-07-06 22:38:37,854 [INFO] Found 3 words: TAB, BAT, ABT
2025-07-06 22:38:37,854 [INFO] Swiping words...
2025-07-06 22:38:37,855 [INFO] Swiping: ABT
2025-07-06 22:38:38,616 [INFO] Swiping: BAT
2025-07-06 22:38:39,367 [INFO] Swiping: TAB
2025-07-06 22:38:40,111 [INFO] Done!
2025-07-06 22:42:01,577 [INFO] Debug mode enabled. Screenshots will be saved in 'debug_screenshots'
2025-07-06 22:42:03,336 [INFO] Getting processed screenshot...
2025-07-06 22:42:03,517 [INFO] Detecting letters...
2025-07-06 22:42:03,517 [INFO] Trying parameter set 1: {'width_ths': 0.7, 'height_ths': 0.7}
2025-07-06 22:42:03,765 [INFO] Parameter set 1 returned 4 results
2025-07-06 22:42:03,765 [INFO]   Result 1: Text='T', Confidence=0.997, Position=(220, 40)
2025-07-06 22:42:03,765 [INFO]     -> SINGLE LETTER: 'T' at (220, 40) with confidence 0.997
2025-07-06 22:42:03,765 [INFO] ACCEPTED (Set 1): 'T' with confidence 0.997 (threshold: 0.600)
2025-07-06 22:42:03,765 [INFO]   Result 2: Text='A', Confidence=1.000, Position=(70, 130)
2025-07-06 22:42:03,765 [INFO]     -> SINGLE LETTER: 'A' at (70, 130) with confidence 1.000
2025-07-06 22:42:03,765 [INFO] ACCEPTED (Set 1): 'A' with confidence 1.000 (threshold: 0.600)
2025-07-06 22:42:03,765 [INFO]   Result 3: Text='B', Confidence=1.000, Position=(316, 132)
2025-07-06 22:42:03,766 [INFO]     -> SINGLE LETTER: 'B' at (316, 132) with confidence 1.000
2025-07-06 22:42:03,766 [INFO] ACCEPTED (Set 1): 'B' with confidence 1.000 (threshold: 0.600)
2025-07-06 22:42:03,766 [INFO]   Result 4: Text='ON', Confidence=0.997, Position=(195, 273)
2025-07-06 22:42:03,766 [INFO]     -> MULTI-LETTER: 'ON' - attempting to split
2025-07-06 22:42:03,766 [INFO] SPLIT LETTER: 'O' at (137, 273) from 'ON' with confidence 0.997
2025-07-06 22:42:03,766 [INFO] SPLIT LETTER: 'N' at (252, 273) from 'ON' with confidence 0.997
2025-07-06 22:42:03,766 [INFO]     -> CONTAINS TARGET LETTERS: 'ON' might be relevant
2025-07-06 22:42:03,766 [INFO] Trying parameter set 2: {'width_ths': 0.3, 'height_ths': 0.3}
2025-07-06 22:42:03,814 [INFO] Parameter set 2 returned 4 results
2025-07-06 22:42:03,814 [INFO]   Result 1: Text='T', Confidence=0.997, Position=(220, 40)
2025-07-06 22:42:03,814 [INFO]     -> SINGLE LETTER: 'T' at (220, 40) with confidence 0.997
2025-07-06 22:42:03,814 [INFO]   Result 2: Text='A', Confidence=1.000, Position=(70, 130)
2025-07-06 22:42:03,814 [INFO]     -> SINGLE LETTER: 'A' at (70, 130) with confidence 1.000
2025-07-06 22:42:03,814 [INFO]   Result 3: Text='B', Confidence=1.000, Position=(316, 132)
2025-07-06 22:42:03,814 [INFO]     -> SINGLE LETTER: 'B' at (316, 132) with confidence 1.000
2025-07-06 22:42:03,814 [INFO]   Result 4: Text='ON', Confidence=0.997, Position=(195, 273)
2025-07-06 22:42:03,814 [INFO]     -> MULTI-LETTER: 'ON' - attempting to split
2025-07-06 22:42:03,814 [INFO] SPLIT LETTER: 'O' at (137, 273) from 'ON' with confidence 0.997
2025-07-06 22:42:03,815 [INFO] SPLIT LETTER: 'N' at (252, 273) from 'ON' with confidence 0.997
2025-07-06 22:42:03,815 [INFO]     -> CONTAINS TARGET LETTERS: 'ON' might be relevant
2025-07-06 22:42:03,815 [INFO] Trying parameter set 3: {'width_ths': 0.5, 'height_ths': 0.5}
2025-07-06 22:42:03,862 [INFO] Parameter set 3 returned 4 results
2025-07-06 22:42:03,862 [INFO]   Result 1: Text='T', Confidence=0.997, Position=(220, 40)
2025-07-06 22:42:03,862 [INFO]     -> SINGLE LETTER: 'T' at (220, 40) with confidence 0.997
2025-07-06 22:42:03,862 [INFO]   Result 2: Text='A', Confidence=1.000, Position=(70, 130)
2025-07-06 22:42:03,862 [INFO]     -> SINGLE LETTER: 'A' at (70, 130) with confidence 1.000
2025-07-06 22:42:03,862 [INFO]   Result 3: Text='B', Confidence=1.000, Position=(316, 132)
2025-07-06 22:42:03,863 [INFO]     -> SINGLE LETTER: 'B' at (316, 132) with confidence 1.000
2025-07-06 22:42:03,863 [INFO]   Result 4: Text='ON', Confidence=0.997, Position=(195, 273)
2025-07-06 22:42:03,863 [INFO]     -> MULTI-LETTER: 'ON' - attempting to split
2025-07-06 22:42:03,863 [INFO] SPLIT LETTER: 'O' at (137, 273) from 'ON' with confidence 0.997
2025-07-06 22:42:03,863 [INFO] SPLIT LETTER: 'N' at (252, 273) from 'ON' with confidence 0.997
2025-07-06 22:42:03,863 [INFO]     -> CONTAINS TARGET LETTERS: 'ON' might be relevant
2025-07-06 22:42:03,863 [INFO] Trying parameter set 4: {'width_ths': 0.1, 'height_ths': 0.1}
2025-07-06 22:42:03,918 [INFO] Parameter set 4 returned 4 results
2025-07-06 22:42:03,919 [INFO]   Result 1: Text='T', Confidence=0.997, Position=(220, 40)
2025-07-06 22:42:03,919 [INFO]     -> SINGLE LETTER: 'T' at (220, 40) with confidence 0.997
2025-07-06 22:42:03,919 [INFO]   Result 2: Text='A', Confidence=1.000, Position=(70, 130)
2025-07-06 22:42:03,919 [INFO]     -> SINGLE LETTER: 'A' at (70, 130) with confidence 1.000
2025-07-06 22:42:03,919 [INFO]   Result 3: Text='B', Confidence=1.000, Position=(316, 132)
2025-07-06 22:42:03,919 [INFO]     -> SINGLE LETTER: 'B' at (316, 132) with confidence 1.000
2025-07-06 22:42:03,919 [INFO]   Result 4: Text='ON', Confidence=0.997, Position=(195, 273)
2025-07-06 22:42:03,919 [INFO]     -> MULTI-LETTER: 'ON' - attempting to split
2025-07-06 22:42:03,919 [INFO] SPLIT LETTER: 'O' at (137, 273) from 'ON' with confidence 0.997
2025-07-06 22:42:03,920 [INFO] SPLIT LETTER: 'N' at (252, 273) from 'ON' with confidence 0.997
2025-07-06 22:42:03,920 [INFO]     -> CONTAINS TARGET LETTERS: 'ON' might be relevant
2025-07-06 22:42:03,920 [INFO] Testing without allowlist to see all possible detections...
2025-07-06 22:42:03,964 [INFO] No-allowlist mode returned 4 results
2025-07-06 22:42:03,964 [INFO]   No-allowlist Result 1: Text='T', Confidence=0.871, Position=(220, 40)
2025-07-06 22:42:03,965 [INFO]   No-allowlist Result 2: Text='A', Confidence=0.998, Position=(70, 130)
2025-07-06 22:42:03,965 [INFO]   No-allowlist Result 3: Text='B', Confidence=0.994, Position=(316, 132)
2025-07-06 22:42:03,965 [INFO]   No-allowlist Result 4: Text='0 N', Confidence=0.998, Position=(195, 273)
2025-07-06 22:42:03,965 [INFO] Detected letters: T, A, B, O, N
2025-07-06 22:42:03,965 [INFO] Finding words...
2025-07-06 22:42:03,965 [INFO] Found 36 words: ABN, BOTAN, TOBA, TAO, BATON, TON, ABO, BOA, ONT, NATO, OAT, BANT, NOTA, TANO, ANT, NOA, BAN, BOT, ONA, TOB, NAT, OBA, BON, TAN, NOB, BAT, BOTA, BONA, NAB, OBAN, NOT, TOA, ABT, TAB, AOB, BOAT
2025-07-06 22:42:03,965 [INFO] Swiping words...
2025-07-06 22:42:03,966 [INFO] Swiping: ABN
2025-07-06 22:42:04,714 [INFO] Swiping: ABO
2025-07-06 22:42:05,462 [INFO] Swiping: ABT
2025-07-06 22:42:06,206 [INFO] Swiping: ANT
2025-07-06 22:42:06,955 [INFO] Swiping: AOB
2025-07-06 22:42:07,712 [INFO] Swiping: BAN
2025-07-06 22:42:08,454 [INFO] Swiping: BANT
2025-07-06 22:42:09,298 [INFO] Swiping: BAT
2025-07-06 22:42:10,056 [INFO] Swiping: BATON
2025-07-06 22:42:10,998 [INFO] Swiping: BOA
2025-07-06 22:42:11,747 [INFO] Swiping: BOAT
2025-07-06 22:42:12,604 [INFO] Swiping: BON
2025-07-06 22:42:13,371 [INFO] Swiping: BONA
2025-07-06 22:42:14,233 [INFO] Swiping: BOT
2025-07-06 22:42:14,998 [INFO] Swiping: BOTA
2025-07-06 22:42:15,852 [INFO] Swiping: BOTAN
2025-07-06 22:42:16,815 [INFO] Swiping: NAB
2025-07-06 22:42:17,570 [INFO] Swiping: NAT
2025-07-06 22:42:18,324 [INFO] Swiping: NATO
2025-07-06 22:42:19,179 [INFO] Swiping: NOA
2025-07-06 22:42:19,926 [INFO] Swiping: NOB
2025-07-06 22:42:20,677 [INFO] Swiping: NOT
2025-07-06 22:42:21,433 [INFO] Swiping: NOTA
2025-07-06 22:42:22,314 [INFO] Swiping: OAT
2025-07-06 22:42:23,060 [INFO] Swiping: OBA
2025-07-06 22:42:23,807 [INFO] Swiping: OBAN
2025-07-06 22:42:24,658 [INFO] Swiping: ONA
2025-07-06 22:42:25,407 [INFO] Swiping: ONT
2025-07-06 22:42:26,156 [INFO] Swiping: TAB
2025-07-06 22:42:26,907 [INFO] Swiping: TAN
2025-07-06 22:42:27,650 [INFO] Swiping: TANO
2025-07-06 22:42:28,499 [INFO] Swiping: TAO
2025-07-06 22:42:29,254 [INFO] Swiping: TOA
2025-07-06 22:42:29,999 [INFO] Swiping: TOB
2025-07-06 22:42:30,761 [INFO] Swiping: TOBA
2025-07-06 22:42:31,607 [INFO] Swiping: TON
2025-07-06 22:42:32,349 [INFO] Done!
2025-07-06 23:09:48,467 [INFO] Debug mode enabled. Screenshots will be saved in 'debug_screenshots'
2025-07-06 23:09:50,237 [INFO] Getting processed screenshot...
2025-07-06 23:09:50,419 [INFO] Detecting letters...
2025-07-06 23:09:50,419 [INFO] Trying parameter set 1: {'width_ths': 0.7, 'height_ths': 0.7}
2025-07-06 23:09:50,641 [INFO] Parameter set 1 returned 3 results
2025-07-06 23:09:50,641 [INFO]   Result 1: Text='A', Confidence=0.999, Position=(68, 127)
2025-07-06 23:09:50,641 [INFO]     -> SINGLE LETTER: 'A' at (68, 127) with confidence 0.999
2025-07-06 23:09:50,641 [INFO] ACCEPTED (Set 1): 'A' with confidence 0.999 (threshold: 0.600)
2025-07-06 23:09:50,641 [INFO]   Result 2: Text='N', Confidence=1.000, Position=(315, 132)
2025-07-06 23:09:50,642 [INFO]     -> SINGLE LETTER: 'N' at (315, 132) with confidence 1.000
2025-07-06 23:09:50,642 [INFO] ACCEPTED (Set 1): 'N' with confidence 1.000 (threshold: 0.300)
2025-07-06 23:09:50,642 [INFO]     -> CONTAINS TARGET LETTERS: 'N' might be relevant
2025-07-06 23:09:50,642 [INFO]   Result 3: Text='EL', Confidence=0.984, Position=(200, 257)
2025-07-06 23:09:50,642 [INFO]     -> MULTI-LETTER: 'EL' - attempting to split
2025-07-06 23:09:50,642 [INFO] SPLIT LETTER: 'E' at (139, 257) from 'EL' with confidence 0.984
2025-07-06 23:09:50,642 [INFO] SPLIT LETTER: 'L' at (260, 257) from 'EL' with confidence 0.984
2025-07-06 23:09:50,642 [INFO] Trying parameter set 2: {'width_ths': 0.3, 'height_ths': 0.3}
2025-07-06 23:09:50,673 [INFO] Parameter set 2 returned 3 results
2025-07-06 23:09:50,673 [INFO]   Result 1: Text='A', Confidence=0.999, Position=(68, 127)
2025-07-06 23:09:50,673 [INFO]     -> SINGLE LETTER: 'A' at (68, 127) with confidence 0.999
2025-07-06 23:09:50,673 [INFO]   Result 2: Text='N', Confidence=1.000, Position=(315, 132)
2025-07-06 23:09:50,673 [INFO]     -> SINGLE LETTER: 'N' at (315, 132) with confidence 1.000
2025-07-06 23:09:50,673 [INFO]     -> CONTAINS TARGET LETTERS: 'N' might be relevant
2025-07-06 23:09:50,673 [INFO]   Result 3: Text='EL', Confidence=0.984, Position=(200, 257)
2025-07-06 23:09:50,673 [INFO]     -> MULTI-LETTER: 'EL' - attempting to split
2025-07-06 23:09:50,674 [INFO] SPLIT LETTER: 'E' at (139, 257) from 'EL' with confidence 0.984
2025-07-06 23:09:50,674 [INFO] SPLIT LETTER: 'L' at (260, 257) from 'EL' with confidence 0.984
2025-07-06 23:09:50,674 [INFO] Trying parameter set 3: {'width_ths': 0.5, 'height_ths': 0.5}
2025-07-06 23:09:50,707 [INFO] Parameter set 3 returned 3 results
2025-07-06 23:09:50,707 [INFO]   Result 1: Text='A', Confidence=0.999, Position=(68, 127)
2025-07-06 23:09:50,708 [INFO]     -> SINGLE LETTER: 'A' at (68, 127) with confidence 0.999
2025-07-06 23:09:50,708 [INFO]   Result 2: Text='N', Confidence=1.000, Position=(315, 132)
2025-07-06 23:09:50,708 [INFO]     -> SINGLE LETTER: 'N' at (315, 132) with confidence 1.000
2025-07-06 23:09:50,708 [INFO]     -> CONTAINS TARGET LETTERS: 'N' might be relevant
2025-07-06 23:09:50,708 [INFO]   Result 3: Text='EL', Confidence=0.984, Position=(200, 257)
2025-07-06 23:09:50,708 [INFO]     -> MULTI-LETTER: 'EL' - attempting to split
2025-07-06 23:09:50,708 [INFO] SPLIT LETTER: 'E' at (139, 257) from 'EL' with confidence 0.984
2025-07-06 23:09:50,708 [INFO] SPLIT LETTER: 'L' at (260, 257) from 'EL' with confidence 0.984
2025-07-06 23:09:50,708 [INFO] Trying parameter set 4: {'width_ths': 0.1, 'height_ths': 0.1}
2025-07-06 23:09:50,739 [INFO] Parameter set 4 returned 3 results
2025-07-06 23:09:50,739 [INFO]   Result 1: Text='A', Confidence=0.999, Position=(68, 127)
2025-07-06 23:09:50,739 [INFO]     -> SINGLE LETTER: 'A' at (68, 127) with confidence 0.999
2025-07-06 23:09:50,739 [INFO]   Result 2: Text='N', Confidence=1.000, Position=(315, 132)
2025-07-06 23:09:50,739 [INFO]     -> SINGLE LETTER: 'N' at (315, 132) with confidence 1.000
2025-07-06 23:09:50,740 [INFO]     -> CONTAINS TARGET LETTERS: 'N' might be relevant
2025-07-06 23:09:50,740 [INFO]   Result 3: Text='EL', Confidence=0.984, Position=(200, 257)
2025-07-06 23:09:50,740 [INFO]     -> MULTI-LETTER: 'EL' - attempting to split
2025-07-06 23:09:50,740 [INFO] SPLIT LETTER: 'E' at (139, 257) from 'EL' with confidence 0.984
2025-07-06 23:09:50,740 [INFO] SPLIT LETTER: 'L' at (260, 257) from 'EL' with confidence 0.984
2025-07-06 23:09:50,740 [INFO] Testing without allowlist to see all possible detections...
2025-07-06 23:09:50,772 [INFO] No-allowlist mode returned 3 results
2025-07-06 23:09:50,772 [INFO]   No-allowlist Result 1: Text='A', Confidence=0.980, Position=(68, 127)
2025-07-06 23:09:50,772 [INFO]   No-allowlist Result 2: Text='N', Confidence=0.998, Position=(315, 132)
2025-07-06 23:09:50,772 [INFO]   No-allowlist Result 3: Text='E L', Confidence=0.670, Position=(200, 257)
2025-07-06 23:09:50,772 [INFO] Detected letters: A, N, E, L
2025-07-06 23:09:50,772 [INFO] Finding words...
2025-07-06 23:09:50,773 [INFO] Found 20 words: ALEN, ENL, LEAN, NAEL, NEA, LAN, LAEN, LEA, ELA, LENA, ALN, NALE, EAN, NAE, ANE, LANE, LEN, ELAN, NEAL, ALE
2025-07-06 23:09:50,773 [INFO] Swiping words...
2025-07-06 23:09:50,773 [INFO] Swiping: ALE
2025-07-06 23:09:51,542 [INFO] Swiping: ALEN
2025-07-06 23:09:52,389 [INFO] Swiping: ALN
2025-07-06 23:09:53,138 [INFO] Swiping: ANE
2025-07-06 23:09:53,890 [INFO] Swiping: EAN
2025-07-06 23:09:54,646 [INFO] Swiping: ELA
2025-07-06 23:09:55,397 [INFO] Swiping: ELAN
2025-07-06 23:09:56,245 [INFO] Swiping: ENL
2025-07-06 23:09:56,996 [INFO] Swiping: LAEN
2025-07-06 23:09:57,848 [INFO] Swiping: LAN
2025-07-06 23:09:58,606 [INFO] Swiping: LANE
2025-07-06 23:09:59,475 [INFO] Swiping: LEA
2025-07-06 23:10:00,240 [INFO] Swiping: LEAN
2025-07-06 23:10:01,095 [INFO] Swiping: LEN
2025-07-06 23:10:01,843 [INFO] Swiping: LENA
2025-07-06 23:10:02,697 [INFO] Swiping: NAE
2025-07-06 23:10:03,461 [INFO] Swiping: NAEL
2025-07-06 23:10:04,308 [INFO] Swiping: NALE
2025-07-06 23:10:05,156 [INFO] Swiping: NEA
2025-07-06 23:10:05,903 [INFO] Swiping: NEAL
2025-07-06 23:10:06,750 [INFO] Done!
2025-07-06 23:12:47,415 [INFO] Hotkey registered: Ctrl+Shift+F8 to stop the bot
2025-07-06 23:12:47,423 [INFO] Debug mode enabled. Screenshots will be saved in 'debug_screenshots'
2025-07-06 23:12:49,078 [INFO] Getting processed screenshot...
2025-07-06 23:12:49,255 [INFO] Detecting letters...
2025-07-06 23:12:49,255 [INFO] Trying parameter set 1: {'width_ths': 0.7, 'height_ths': 0.7}
2025-07-06 23:12:49,482 [INFO] Parameter set 1 returned 3 results
2025-07-06 23:12:49,482 [INFO]   Result 1: Text='A', Confidence=1.000, Position=(69, 127)
2025-07-06 23:12:49,482 [INFO]     -> SINGLE LETTER: 'A' at (69, 127) with confidence 1.000
2025-07-06 23:12:49,482 [INFO] ACCEPTED (Set 1): 'A' with confidence 1.000 (threshold: 0.600)
2025-07-06 23:12:49,482 [INFO]   Result 2: Text='N', Confidence=1.000, Position=(315, 132)
2025-07-06 23:12:49,482 [INFO]     -> SINGLE LETTER: 'N' at (315, 132) with confidence 1.000
2025-07-06 23:12:49,482 [INFO] ACCEPTED (Set 1): 'N' with confidence 1.000 (threshold: 0.300)
2025-07-06 23:12:49,482 [INFO]     -> CONTAINS TARGET LETTERS: 'N' might be relevant
2025-07-06 23:12:49,482 [INFO]   Result 3: Text='EL', Confidence=0.989, Position=(200, 258)
2025-07-06 23:12:49,483 [INFO]     -> MULTI-LETTER: 'EL' - attempting to split
2025-07-06 23:12:49,483 [INFO] SPLIT LETTER: 'E' at (139, 258) from 'EL' with confidence 0.989
2025-07-06 23:12:49,483 [INFO] SPLIT LETTER: 'L' at (261, 258) from 'EL' with confidence 0.989
2025-07-06 23:12:49,483 [INFO] Trying parameter set 2: {'width_ths': 0.3, 'height_ths': 0.3}
2025-07-06 23:12:49,527 [INFO] Parameter set 2 returned 3 results
2025-07-06 23:12:49,527 [INFO]   Result 1: Text='A', Confidence=1.000, Position=(69, 127)
2025-07-06 23:12:49,527 [INFO]     -> SINGLE LETTER: 'A' at (69, 127) with confidence 1.000
2025-07-06 23:12:49,528 [INFO]   Result 2: Text='N', Confidence=1.000, Position=(315, 132)
2025-07-06 23:12:49,528 [INFO]     -> SINGLE LETTER: 'N' at (315, 132) with confidence 1.000
2025-07-06 23:12:49,528 [INFO]     -> CONTAINS TARGET LETTERS: 'N' might be relevant
2025-07-06 23:12:49,528 [INFO]   Result 3: Text='EL', Confidence=0.989, Position=(200, 258)
2025-07-06 23:12:49,528 [INFO]     -> MULTI-LETTER: 'EL' - attempting to split
2025-07-06 23:12:49,528 [INFO] SPLIT LETTER: 'E' at (139, 258) from 'EL' with confidence 0.989
2025-07-06 23:12:49,528 [INFO] SPLIT LETTER: 'L' at (261, 258) from 'EL' with confidence 0.989
2025-07-06 23:12:49,528 [INFO] Trying parameter set 3: {'width_ths': 0.5, 'height_ths': 0.5}
2025-07-06 23:12:49,566 [INFO] Parameter set 3 returned 3 results
2025-07-06 23:12:49,566 [INFO]   Result 1: Text='A', Confidence=1.000, Position=(69, 127)
2025-07-06 23:12:49,567 [INFO]     -> SINGLE LETTER: 'A' at (69, 127) with confidence 1.000
2025-07-06 23:12:49,567 [INFO]   Result 2: Text='N', Confidence=1.000, Position=(315, 132)
2025-07-06 23:12:49,567 [INFO]     -> SINGLE LETTER: 'N' at (315, 132) with confidence 1.000
2025-07-06 23:12:49,567 [INFO]     -> CONTAINS TARGET LETTERS: 'N' might be relevant
2025-07-06 23:12:49,567 [INFO]   Result 3: Text='EL', Confidence=0.989, Position=(200, 258)
2025-07-06 23:12:49,567 [INFO]     -> MULTI-LETTER: 'EL' - attempting to split
2025-07-06 23:12:49,567 [INFO] SPLIT LETTER: 'E' at (139, 258) from 'EL' with confidence 0.989
2025-07-06 23:12:49,568 [INFO] SPLIT LETTER: 'L' at (261, 258) from 'EL' with confidence 0.989
2025-07-06 23:12:49,568 [INFO] Trying parameter set 4: {'width_ths': 0.1, 'height_ths': 0.1}
2025-07-06 23:12:49,603 [INFO] Parameter set 4 returned 3 results
2025-07-06 23:12:49,603 [INFO]   Result 1: Text='A', Confidence=1.000, Position=(69, 127)
2025-07-06 23:12:49,603 [INFO]     -> SINGLE LETTER: 'A' at (69, 127) with confidence 1.000
2025-07-06 23:12:49,603 [INFO]   Result 2: Text='N', Confidence=1.000, Position=(315, 132)
2025-07-06 23:12:49,603 [INFO]     -> SINGLE LETTER: 'N' at (315, 132) with confidence 1.000
2025-07-06 23:12:49,603 [INFO]     -> CONTAINS TARGET LETTERS: 'N' might be relevant
2025-07-06 23:12:49,603 [INFO]   Result 3: Text='EL', Confidence=0.989, Position=(200, 258)
2025-07-06 23:12:49,603 [INFO]     -> MULTI-LETTER: 'EL' - attempting to split
2025-07-06 23:12:49,603 [INFO] SPLIT LETTER: 'E' at (139, 258) from 'EL' with confidence 0.989
2025-07-06 23:12:49,604 [INFO] SPLIT LETTER: 'L' at (261, 258) from 'EL' with confidence 0.989
2025-07-06 23:12:49,604 [INFO] Testing without allowlist to see all possible detections...
2025-07-06 23:12:49,637 [INFO] No-allowlist mode returned 3 results
2025-07-06 23:12:49,637 [INFO]   No-allowlist Result 1: Text='A', Confidence=0.998, Position=(69, 127)
2025-07-06 23:12:49,637 [INFO]   No-allowlist Result 2: Text='N', Confidence=0.998, Position=(315, 132)
2025-07-06 23:12:49,637 [INFO]   No-allowlist Result 3: Text='E L', Confidence=0.709, Position=(200, 258)
2025-07-06 23:12:49,637 [INFO] Detected letters: A, N, E, L
2025-07-06 23:12:49,637 [INFO] Finding words...
2025-07-06 23:12:49,637 [INFO] Found 20 words: LANE, LEN, ALN, ELA, NEAL, LEAN, LENA, NAEL, ELAN, NAE, ANE, NEA, ALEN, LAEN, ENL, LAN, LEA, ALE, NALE, EAN
2025-07-06 23:12:49,638 [INFO] Swiping words...
2025-07-06 23:12:49,638 [INFO] Swiping: ALE
2025-07-06 23:12:50,396 [INFO] Swiping: ALEN
2025-07-06 23:12:51,244 [INFO] Swiping: ALN
2025-07-06 23:12:51,987 [INFO] Swiping: ANE
2025-07-06 23:12:52,739 [INFO] Swiping: EAN
2025-07-06 23:12:53,489 [INFO] Swiping: ELA
2025-07-06 23:12:54,241 [INFO] Swiping: ELAN
2025-07-06 23:12:54,720 [INFO] STOP SIGNAL RECEIVED - Bot will stop after current operation!
2025-07-06 23:12:55,091 [INFO] Bot stopped after swiping word: ELAN
2025-07-06 23:12:55,092 [INFO] Bot stopped by user!
2025-07-06 23:21:46,449 [INFO] Hotkey registered: Ctrl+Shift+F8 to stop the bot
2025-07-06 23:21:46,453 [INFO] Debug mode enabled. Screenshots will be saved in 'debug_screenshots'
2025-07-06 23:21:48,242 [INFO] Getting processed screenshot...
2025-07-06 23:21:48,418 [INFO] Detecting letters...
2025-07-06 23:21:48,418 [INFO] Trying parameter set 1: {'width_ths': 0.7, 'height_ths': 0.7, 'text_threshold': 0.7}
2025-07-06 23:21:48,647 [INFO] Parameter set 1 returned 3 results
2025-07-06 23:21:48,647 [INFO]   Result 1: Text='A', Confidence=1.000, Position=(69, 127)
2025-07-06 23:21:48,647 [INFO]     -> SINGLE LETTER: 'A' at (69, 127) with confidence 1.000
2025-07-06 23:21:48,647 [INFO] ACCEPTED (Set 1): 'A' with confidence 1.000 (threshold: 0.600)
2025-07-06 23:21:48,648 [INFO]   Result 2: Text='N', Confidence=1.000, Position=(315, 132)
2025-07-06 23:21:48,648 [INFO]     -> SINGLE LETTER: 'N' at (315, 132) with confidence 1.000
2025-07-06 23:21:48,648 [INFO] ACCEPTED (Set 1): 'N' with confidence 1.000 (threshold: 0.300)
2025-07-06 23:21:48,648 [INFO]     -> CONTAINS TARGET LETTERS: 'N' might be relevant
2025-07-06 23:21:48,648 [INFO]   Result 3: Text='EL', Confidence=0.990, Position=(200, 258)
2025-07-06 23:21:48,648 [INFO]     -> MULTI-LETTER: 'EL' - attempting to split
2025-07-06 23:21:48,649 [INFO] SPLIT LETTER: 'E' at (139, 258) from 'EL' with confidence 0.990
2025-07-06 23:21:48,649 [INFO] SPLIT LETTER: 'L' at (261, 258) from 'EL' with confidence 0.990
2025-07-06 23:21:48,649 [INFO] Trying parameter set 2: {'width_ths': 0.7, 'height_ths': 0.7, 'text_threshold': 0.4}
2025-07-06 23:21:48,691 [INFO] Parameter set 2 returned 3 results
2025-07-06 23:21:48,691 [INFO]   Result 1: Text='A', Confidence=1.000, Position=(69, 127)
2025-07-06 23:21:48,691 [INFO]     -> SINGLE LETTER: 'A' at (69, 127) with confidence 1.000
2025-07-06 23:21:48,691 [INFO]   Result 2: Text='N', Confidence=1.000, Position=(315, 132)
2025-07-06 23:21:48,691 [INFO]     -> SINGLE LETTER: 'N' at (315, 132) with confidence 1.000
2025-07-06 23:21:48,692 [INFO]     -> CONTAINS TARGET LETTERS: 'N' might be relevant
2025-07-06 23:21:48,692 [INFO]   Result 3: Text='EL', Confidence=0.990, Position=(200, 258)
2025-07-06 23:21:48,692 [INFO]     -> MULTI-LETTER: 'EL' - attempting to split
2025-07-06 23:21:48,692 [INFO] SPLIT LETTER: 'E' at (139, 258) from 'EL' with confidence 0.990
2025-07-06 23:21:48,692 [INFO] SPLIT LETTER: 'L' at (261, 258) from 'EL' with confidence 0.990
2025-07-06 23:21:48,692 [INFO] Trying parameter set 3: {'width_ths': 0.4, 'height_ths': 0.4, 'text_threshold': 0.4}
2025-07-06 23:21:48,727 [INFO] Parameter set 3 returned 3 results
2025-07-06 23:21:48,727 [INFO]   Result 1: Text='A', Confidence=1.000, Position=(69, 127)
2025-07-06 23:21:48,727 [INFO]     -> SINGLE LETTER: 'A' at (69, 127) with confidence 1.000
2025-07-06 23:21:48,727 [INFO]   Result 2: Text='N', Confidence=1.000, Position=(315, 132)
2025-07-06 23:21:48,727 [INFO]     -> SINGLE LETTER: 'N' at (315, 132) with confidence 1.000
2025-07-06 23:21:48,727 [INFO]     -> CONTAINS TARGET LETTERS: 'N' might be relevant
2025-07-06 23:21:48,727 [INFO]   Result 3: Text='EL', Confidence=0.990, Position=(200, 258)
2025-07-06 23:21:48,727 [INFO]     -> MULTI-LETTER: 'EL' - attempting to split
2025-07-06 23:21:48,727 [INFO] SPLIT LETTER: 'E' at (139, 258) from 'EL' with confidence 0.990
2025-07-06 23:21:48,728 [INFO] SPLIT LETTER: 'L' at (261, 258) from 'EL' with confidence 0.990
2025-07-06 23:21:48,728 [INFO] Trying parameter set 4: {'width_ths': 0.2, 'height_ths': 0.2, 'text_threshold': 0.2}
2025-07-06 23:21:48,761 [INFO] Parameter set 4 returned 3 results
2025-07-06 23:21:48,761 [INFO]   Result 1: Text='A', Confidence=1.000, Position=(69, 127)
2025-07-06 23:21:48,761 [INFO]     -> SINGLE LETTER: 'A' at (69, 127) with confidence 1.000
2025-07-06 23:21:48,761 [INFO]   Result 2: Text='N', Confidence=1.000, Position=(315, 132)
2025-07-06 23:21:48,761 [INFO]     -> SINGLE LETTER: 'N' at (315, 132) with confidence 1.000
2025-07-06 23:21:48,762 [INFO]     -> CONTAINS TARGET LETTERS: 'N' might be relevant
2025-07-06 23:21:48,762 [INFO]   Result 3: Text='EL', Confidence=0.990, Position=(200, 258)
2025-07-06 23:21:48,762 [INFO]     -> MULTI-LETTER: 'EL' - attempting to split
2025-07-06 23:21:48,762 [INFO] SPLIT LETTER: 'E' at (139, 258) from 'EL' with confidence 0.990
2025-07-06 23:21:48,762 [INFO] SPLIT LETTER: 'L' at (261, 258) from 'EL' with confidence 0.990
2025-07-06 23:21:48,762 [INFO] Testing without allowlist to see all possible detections...
2025-07-06 23:21:48,806 [INFO] No-allowlist mode returned 3 results
2025-07-06 23:21:48,807 [INFO]   No-allowlist Result 1: Text='A', Confidence=0.998, Position=(69, 127)
2025-07-06 23:21:48,807 [INFO]   No-allowlist Result 2: Text='N', Confidence=0.998, Position=(315, 132)
2025-07-06 23:21:48,807 [INFO]   No-allowlist Result 3: Text='E L', Confidence=0.700, Position=(200, 258)
2025-07-06 23:21:48,807 [INFO] Detected letters: A, N, E, L
2025-07-06 23:21:48,807 [INFO] Finding words...
2025-07-06 23:21:48,807 [INFO] Found 20 words: NEA, LENA, NALE, LANE, ELAN, NEAL, NAE, ELA, ALE, LEN, ALN, EAN, ANE, NAEL, ALEN, LEAN, LAN, ENL, LAEN, LEA
2025-07-06 23:21:48,807 [INFO] Swiping words...
2025-07-06 23:21:48,808 [INFO] Swiping: ALE
2025-07-06 23:21:49,561 [INFO] Swiping: ALEN
2025-07-06 23:21:50,419 [INFO] Swiping: ALN
2025-07-06 23:21:50,840 [INFO] STOP SIGNAL RECEIVED - Bot will stop after current operation!
2025-07-06 23:21:51,173 [INFO] Bot stopped after swiping word: ALN
2025-07-06 23:21:51,173 [INFO] Bot stopped by user!
2025-07-06 23:21:56,112 [INFO] Hotkey registered: Ctrl+Shift+F8 to stop the bot
2025-07-06 23:21:56,115 [INFO] Debug mode enabled. Screenshots will be saved in 'debug_screenshots'
2025-07-06 23:21:57,724 [INFO] Getting processed screenshot...
2025-07-06 23:21:57,900 [INFO] Detecting letters...
2025-07-06 23:21:57,901 [INFO] Trying parameter set 1: {'width_ths': 0.7, 'height_ths': 0.7, 'text_threshold': 0.7}
2025-07-06 23:21:58,123 [INFO] Parameter set 1 returned 3 results
2025-07-06 23:21:58,123 [INFO]   Result 1: Text='A', Confidence=1.000, Position=(69, 127)
2025-07-06 23:21:58,123 [INFO]     -> SINGLE LETTER: 'A' at (69, 127) with confidence 1.000
2025-07-06 23:21:58,123 [INFO] ACCEPTED (Set 1): 'A' with confidence 1.000 (threshold: 0.600)
2025-07-06 23:21:58,123 [INFO]   Result 2: Text='N', Confidence=1.000, Position=(315, 132)
2025-07-06 23:21:58,123 [INFO]     -> SINGLE LETTER: 'N' at (315, 132) with confidence 1.000
2025-07-06 23:21:58,123 [INFO] ACCEPTED (Set 1): 'N' with confidence 1.000 (threshold: 0.300)
2025-07-06 23:21:58,123 [INFO]     -> CONTAINS TARGET LETTERS: 'N' might be relevant
2025-07-06 23:21:58,123 [INFO]   Result 3: Text='EL', Confidence=0.989, Position=(200, 258)
2025-07-06 23:21:58,124 [INFO]     -> MULTI-LETTER: 'EL' - attempting to split
2025-07-06 23:21:58,124 [INFO] SPLIT LETTER: 'E' at (139, 258) from 'EL' with confidence 0.989
2025-07-06 23:21:58,124 [INFO] SPLIT LETTER: 'L' at (261, 258) from 'EL' with confidence 0.989
2025-07-06 23:21:58,124 [INFO] Trying parameter set 2: {'width_ths': 0.7, 'height_ths': 0.7, 'text_threshold': 0.4}
2025-07-06 23:21:58,169 [INFO] Parameter set 2 returned 3 results
2025-07-06 23:21:58,169 [INFO]   Result 1: Text='A', Confidence=1.000, Position=(69, 127)
2025-07-06 23:21:58,169 [INFO]     -> SINGLE LETTER: 'A' at (69, 127) with confidence 1.000
2025-07-06 23:21:58,169 [INFO]   Result 2: Text='N', Confidence=1.000, Position=(315, 132)
2025-07-06 23:21:58,169 [INFO]     -> SINGLE LETTER: 'N' at (315, 132) with confidence 1.000
2025-07-06 23:21:58,169 [INFO]     -> CONTAINS TARGET LETTERS: 'N' might be relevant
2025-07-06 23:21:58,169 [INFO]   Result 3: Text='EL', Confidence=0.989, Position=(200, 258)
2025-07-06 23:21:58,169 [INFO]     -> MULTI-LETTER: 'EL' - attempting to split
2025-07-06 23:21:58,169 [INFO] SPLIT LETTER: 'E' at (139, 258) from 'EL' with confidence 0.989
2025-07-06 23:21:58,170 [INFO] SPLIT LETTER: 'L' at (261, 258) from 'EL' with confidence 0.989
2025-07-06 23:21:58,170 [INFO] Trying parameter set 3: {'width_ths': 0.4, 'height_ths': 0.4, 'text_threshold': 0.4}
2025-07-06 23:21:58,206 [INFO] Parameter set 3 returned 3 results
2025-07-06 23:21:58,207 [INFO]   Result 1: Text='A', Confidence=1.000, Position=(69, 127)
2025-07-06 23:21:58,207 [INFO]     -> SINGLE LETTER: 'A' at (69, 127) with confidence 1.000
2025-07-06 23:21:58,207 [INFO]   Result 2: Text='N', Confidence=1.000, Position=(315, 132)
2025-07-06 23:21:58,207 [INFO]     -> SINGLE LETTER: 'N' at (315, 132) with confidence 1.000
2025-07-06 23:21:58,207 [INFO]     -> CONTAINS TARGET LETTERS: 'N' might be relevant
2025-07-06 23:21:58,207 [INFO]   Result 3: Text='EL', Confidence=0.989, Position=(200, 258)
2025-07-06 23:21:58,207 [INFO]     -> MULTI-LETTER: 'EL' - attempting to split
2025-07-06 23:21:58,207 [INFO] SPLIT LETTER: 'E' at (139, 258) from 'EL' with confidence 0.989
2025-07-06 23:21:58,207 [INFO] SPLIT LETTER: 'L' at (261, 258) from 'EL' with confidence 0.989
2025-07-06 23:21:58,208 [INFO] Trying parameter set 4: {'width_ths': 0.2, 'height_ths': 0.2, 'text_threshold': 0.2}
2025-07-06 23:21:58,241 [INFO] Parameter set 4 returned 3 results
2025-07-06 23:21:58,241 [INFO]   Result 1: Text='A', Confidence=1.000, Position=(69, 127)
2025-07-06 23:21:58,241 [INFO]     -> SINGLE LETTER: 'A' at (69, 127) with confidence 1.000
2025-07-06 23:21:58,241 [INFO]   Result 2: Text='N', Confidence=1.000, Position=(315, 132)
2025-07-06 23:21:58,242 [INFO]     -> SINGLE LETTER: 'N' at (315, 132) with confidence 1.000
2025-07-06 23:21:58,242 [INFO]     -> CONTAINS TARGET LETTERS: 'N' might be relevant
2025-07-06 23:21:58,242 [INFO]   Result 3: Text='EL', Confidence=0.989, Position=(200, 258)
2025-07-06 23:21:58,242 [INFO]     -> MULTI-LETTER: 'EL' - attempting to split
2025-07-06 23:21:58,242 [INFO] SPLIT LETTER: 'E' at (139, 258) from 'EL' with confidence 0.989
2025-07-06 23:21:58,242 [INFO] SPLIT LETTER: 'L' at (261, 258) from 'EL' with confidence 0.989
2025-07-06 23:21:58,242 [INFO] Testing without allowlist to see all possible detections...
2025-07-06 23:21:58,274 [INFO] No-allowlist mode returned 3 results
2025-07-06 23:21:58,274 [INFO]   No-allowlist Result 1: Text='A', Confidence=0.998, Position=(69, 127)
2025-07-06 23:21:58,274 [INFO]   No-allowlist Result 2: Text='N', Confidence=0.998, Position=(315, 132)
2025-07-06 23:21:58,274 [INFO]   No-allowlist Result 3: Text='E L', Confidence=0.709, Position=(200, 258)
2025-07-06 23:21:58,274 [INFO] Detected letters: A, N, E, L
2025-07-06 23:21:58,274 [INFO] Finding words...
2025-07-06 23:21:58,274 [INFO] Found 20 words: LENA, NAEL, LAEN, LEA, LANE, ANE, ALEN, EAN, ELA, ALN, NEAL, NALE, NAE, ELAN, ENL, LEAN, NEA, LEN, LAN, ALE
2025-07-06 23:21:58,275 [INFO] Swiping words...
2025-07-06 23:21:58,275 [INFO] Swiping: ALE
2025-07-06 23:21:58,878 [INFO] STOP SIGNAL RECEIVED - Bot will stop after current operation!
2025-07-06 23:21:59,036 [INFO] Bot stopped after swiping word: ALE
2025-07-06 23:21:59,037 [INFO] Bot stopped by user!
2025-07-06 23:37:25,996 [INFO] Hotkey registered: Ctrl+Shift+F8 to stop the bot
2025-07-06 23:37:25,998 [INFO] Debug mode enabled. Screenshots will be saved in 'debug_screenshots'
2025-07-06 23:37:27,877 [INFO] Getting processed screenshot...
2025-07-06 23:37:28,097 [INFO] Detecting letters...
2025-07-06 23:37:28,097 [INFO] Trying parameter set 1: {'text_threshold': 0.7, 'low_text': 0.4, 'link_threshold': 0.4, 'width_ths': 0.7, 'height_ths': 0.7}
2025-07-06 23:37:28,351 [INFO] Parameter set 1 returned 3 results
2025-07-06 23:37:28,352 [INFO]   Result 1: Text='A', Confidence=0.999, Position=(68, 127)
2025-07-06 23:37:28,352 [INFO]     -> SINGLE LETTER: 'A' at (68, 127) with confidence 0.999
2025-07-06 23:37:28,352 [INFO] ACCEPTED (Set 1): 'A' with confidence 0.999 (threshold: 0.600)
2025-07-06 23:37:28,352 [INFO]   Result 2: Text='N', Confidence=1.000, Position=(315, 132)
2025-07-06 23:37:28,352 [INFO]     -> SINGLE LETTER: 'N' at (315, 132) with confidence 1.000
2025-07-06 23:37:28,352 [INFO] ACCEPTED (Set 1): 'N' with confidence 1.000 (threshold: 0.300)
2025-07-06 23:37:28,352 [INFO]     -> CONTAINS TARGET LETTERS: 'N' might be relevant
2025-07-06 23:37:28,352 [INFO]   Result 3: Text='EL', Confidence=0.998, Position=(199, 269)
2025-07-06 23:37:28,352 [INFO]     -> MULTI-LETTER: 'EL' - attempting to split
2025-07-06 23:37:28,352 [INFO] SPLIT LETTER: 'E' at (139, 269) from 'EL' with confidence 0.998
2025-07-06 23:37:28,353 [INFO] SPLIT LETTER: 'L' at (259, 269) from 'EL' with confidence 0.998
2025-07-06 23:37:28,353 [INFO] Trying parameter set 2: {'text_threshold': 0.4, 'low_text': 0.2, 'link_threshold': 0.4, 'width_ths': 0.7, 'height_ths': 0.7}
2025-07-06 23:37:28,412 [INFO] Parameter set 2 returned 2 results
2025-07-06 23:37:28,413 [INFO]   Result 1: Text='A', Confidence=1.000, Position=(64, 129)
2025-07-06 23:37:28,413 [INFO]     -> SINGLE LETTER: 'A' at (64, 129) with confidence 1.000
2025-07-06 23:37:28,413 [INFO]   Result 2: Text='TEN', Confidence=0.081, Position=(207, 254)
2025-07-06 23:37:28,413 [INFO]     -> MULTI-LETTER: 'TEN' - attempting to split
2025-07-06 23:37:28,413 [INFO]     -> CONTAINS TARGET LETTERS: 'TEN' might be relevant
2025-07-06 23:37:28,413 [INFO] Trying parameter set 3: {'text_threshold': 0.4, 'low_text': 0.2, 'link_threshold': 0.2, 'width_ths': 0.5, 'height_ths': 0.5}
2025-07-06 23:37:28,455 [INFO] Parameter set 3 returned 2 results
2025-07-06 23:37:28,455 [INFO]   Result 1: Text='A', Confidence=1.000, Position=(64, 129)
2025-07-06 23:37:28,455 [INFO]     -> SINGLE LETTER: 'A' at (64, 129) with confidence 1.000
2025-07-06 23:37:28,455 [INFO]   Result 2: Text='TEN', Confidence=0.081, Position=(207, 254)
2025-07-06 23:37:28,455 [INFO]     -> MULTI-LETTER: 'TEN' - attempting to split
2025-07-06 23:37:28,455 [INFO]     -> CONTAINS TARGET LETTERS: 'TEN' might be relevant
2025-07-06 23:37:28,455 [INFO] Trying parameter set 4: {'text_threshold': 0.2, 'low_text': 0.1, 'link_threshold': 0.1, 'width_ths': 0.3, 'height_ths': 0.3}
2025-07-06 23:37:28,503 [INFO] Parameter set 4 returned 3 results
2025-07-06 23:37:28,503 [INFO]   Result 1: Text='T', Confidence=0.498, Position=(214, 63)
2025-07-06 23:37:28,503 [INFO]     -> SINGLE LETTER: 'T' at (214, 63) with confidence 0.498
2025-07-06 23:37:28,503 [INFO]   Result 2: Text='A', Confidence=1.000, Position=(80, 126)
2025-07-06 23:37:28,503 [INFO]     -> SINGLE LETTER: 'A' at (80, 126) with confidence 1.000
2025-07-06 23:37:28,503 [INFO]   Result 3: Text='AL', Confidence=0.162, Position=(191, 181)
2025-07-06 23:37:28,503 [INFO]     -> MULTI-LETTER: 'AL' - attempting to split
2025-07-06 23:37:28,503 [INFO] Trying parameter set 5: {'text_threshold': 0.4, 'low_text': 0.2, 'link_threshold': 0.4, 'width_ths': 0.7, 'height_ths': 0.7, 'mag_ratio': 1.5}
2025-07-06 23:37:28,582 [INFO] Parameter set 5 returned 3 results
2025-07-06 23:37:28,582 [INFO]   Result 1: Text='A', Confidence=1.000, Position=(68, 131)
2025-07-06 23:37:28,582 [INFO]     -> SINGLE LETTER: 'A' at (68, 131) with confidence 1.000
2025-07-06 23:37:28,582 [INFO]   Result 2: Text='N', Confidence=1.000, Position=(316, 132)
2025-07-06 23:37:28,582 [INFO]     -> SINGLE LETTER: 'N' at (316, 132) with confidence 1.000
2025-07-06 23:37:28,583 [INFO]     -> CONTAINS TARGET LETTERS: 'N' might be relevant
2025-07-06 23:37:28,583 [INFO]   Result 3: Text='EL', Confidence=0.995, Position=(195, 277)
2025-07-06 23:37:28,583 [INFO]     -> MULTI-LETTER: 'EL' - attempting to split
2025-07-06 23:37:28,583 [INFO] SPLIT LETTER: 'E' at (137, 277) from 'EL' with confidence 0.995
2025-07-06 23:37:28,583 [INFO] SPLIT LETTER: 'L' at (252, 277) from 'EL' with confidence 0.995
2025-07-06 23:37:28,583 [INFO] Testing without allowlist to see all possible detections...
2025-07-06 23:37:28,734 [INFO] No-allowlist mode returned 6 results
2025-07-06 23:37:28,735 [INFO]   No-allowlist Result 1: Text='1', Confidence=0.492, Position=(209, 60)
2025-07-06 23:37:28,735 [INFO]   No-allowlist Result 2: Text='', Confidence=0.000, Position=(4, 131)
2025-07-06 23:37:28,735 [INFO]   No-allowlist Result 3: Text='', Confidence=0.000, Position=(17, 127)
2025-07-06 23:37:28,735 [INFO]   No-allowlist Result 4: Text='A', Confidence=0.999, Position=(64, 129)
2025-07-06 23:37:28,735 [INFO]   No-allowlist Result 5: Text='', Confidence=0.000, Position=(210, 138)
2025-07-06 23:37:28,735 [INFO]   No-allowlist Result 6: Text='{e_N', Confidence=0.032, Position=(207, 254)
2025-07-06 23:37:28,735 [INFO] Detected letters: A, N, E, L
2025-07-06 23:37:28,736 [INFO] Finding words...
2025-07-06 23:37:28,736 [INFO] Found 20 words: NALE, ANE, NEA, NEAL, LAN, NAEL, LEAN, ELAN, LEN, EAN, ALEN, NAE, ALE, ELA, LANE, LENA, ENL, ALN, LEA, LAEN
2025-07-06 23:37:28,736 [INFO] Swiping words...
2025-07-06 23:37:28,736 [INFO] Swiping: ALE
2025-07-06 23:37:29,501 [INFO] Swiping: ALEN
2025-07-06 23:37:30,359 [INFO] Swiping: ALN
2025-07-06 23:37:30,780 [INFO] STOP SIGNAL RECEIVED - Bot will stop after current operation!
2025-07-06 23:37:31,101 [INFO] Bot stopped after swiping word: ALN
2025-07-06 23:37:31,101 [INFO] Bot stopped by user!
2025-07-06 23:39:15,536 [INFO] Hotkey registered: Ctrl+Shift+F8 to stop the bot
2025-07-06 23:39:15,539 [INFO] Debug mode enabled. Screenshots will be saved in 'debug_screenshots'
2025-07-06 23:39:17,376 [INFO] Getting processed screenshot...
2025-07-06 23:39:17,564 [INFO] Detecting letters...
2025-07-06 23:39:17,579 [INFO] Trying parameter set 1: {'image': array([[  0,   0, 255, ...,   0,   0,   0],
       [  0,   0, 255, ...,   0,   0,   0],
       [255, 255, 255, ...,   0,   0,   0],
       ...,
       [255, 255, 255, ..., 255, 255, 255],
       [255, 255, 255, ..., 255, 255, 255],
       [255, 255, 255, ..., 255, 255, 255]], shape=(345, 382), dtype=uint8), 'text_threshold': 0.4, 'low_text': 0.2, 'link_threshold': 0.2, 'width_ths': 0.5, 'height_ths': 0.5}
2025-07-06 23:39:17,793 [INFO] Parameter set 1 returned 2 results
2025-07-06 23:39:17,793 [INFO]   Result 1: Text='A', Confidence=1.000, Position=(58, 130)
2025-07-06 23:39:17,794 [INFO]     -> SINGLE LETTER: 'A' at (58, 130) with confidence 1.000
2025-07-06 23:39:17,794 [INFO] ACCEPTED (Set 1): 'A' with confidence 1.000 (threshold: 0.600)
2025-07-06 23:39:17,794 [INFO]   Result 2: Text='LN', Confidence=0.457, Position=(210, 252)
2025-07-06 23:39:17,794 [INFO]     -> MULTI-LETTER: 'LN' - attempting to split
2025-07-06 23:39:17,794 [INFO] SPLIT LETTER: 'N' at (327, 252) from 'LN' with confidence 0.457
2025-07-06 23:39:17,794 [INFO]     -> CONTAINS TARGET LETTERS: 'LN' might be relevant
2025-07-06 23:39:17,794 [INFO] Trying parameter set 2: {'image': array([[  0,   0, 255, ...,   0,   0,   0],
       [  0,   0, 255, ...,   0,   0,   0],
       [255, 255, 255, ...,   0,   0,   0],
       ...,
       [255, 255, 255, ..., 255, 255, 255],
       [255, 255, 255, ..., 255, 255, 255],
       [255, 255, 255, ..., 255, 255, 255]], shape=(345, 382), dtype=uint8), 'text_threshold': 0.7, 'low_text': 0.4, 'link_threshold': 0.4, 'width_ths': 0.7, 'height_ths': 0.7}
2025-07-06 23:39:17,840 [INFO] Parameter set 2 returned 3 results
2025-07-06 23:39:17,841 [INFO]   Result 1: Text='A', Confidence=0.999, Position=(68, 127)
2025-07-06 23:39:17,841 [INFO]     -> SINGLE LETTER: 'A' at (68, 127) with confidence 0.999
2025-07-06 23:39:17,841 [INFO]   Result 2: Text='N', Confidence=1.000, Position=(315, 132)
2025-07-06 23:39:17,841 [INFO]     -> SINGLE LETTER: 'N' at (315, 132) with confidence 1.000
2025-07-06 23:39:17,841 [INFO] ACCEPTED (Set 2): 'N' with confidence 1.000 (threshold: 0.300)
2025-07-06 23:39:17,841 [INFO]     -> CONTAINS TARGET LETTERS: 'N' might be relevant
2025-07-06 23:39:17,841 [INFO]   Result 3: Text='EL', Confidence=0.998, Position=(199, 269)
2025-07-06 23:39:17,841 [INFO]     -> MULTI-LETTER: 'EL' - attempting to split
2025-07-06 23:39:17,841 [INFO] SPLIT LETTER: 'E' at (139, 269) from 'EL' with confidence 0.998
2025-07-06 23:39:17,842 [INFO] SPLIT LETTER: 'L' at (259, 269) from 'EL' with confidence 0.998
2025-07-06 23:39:17,842 [INFO] Trying parameter set 3: {'image': array([[  0,   0, 255, ...,   0,   0,   0],
       [  0,   0, 255, ...,   0,   0,   0],
       [255, 255, 255, ...,   0,   0,   0],
       ...,
       [255, 255, 255, ..., 255, 255, 255],
       [255, 255, 255, ..., 255, 255, 255],
       [255, 255, 255, ..., 255, 255, 255]], shape=(345, 382), dtype=uint8), 'text_threshold': 0.4, 'low_text': 0.2, 'link_threshold': 0.4, 'width_ths': 0.7, 'height_ths': 0.7}
2025-07-06 23:39:17,869 [INFO] Parameter set 3 returned 2 results
2025-07-06 23:39:17,869 [INFO]   Result 1: Text='A', Confidence=1.000, Position=(64, 129)
2025-07-06 23:39:17,869 [INFO]     -> SINGLE LETTER: 'A' at (64, 129) with confidence 1.000
2025-07-06 23:39:17,869 [INFO]   Result 2: Text='TEN', Confidence=0.110, Position=(207, 254)
2025-07-06 23:39:17,870 [INFO]     -> MULTI-LETTER: 'TEN' - attempting to split
2025-07-06 23:39:17,870 [INFO]     -> CONTAINS TARGET LETTERS: 'TEN' might be relevant
2025-07-06 23:39:17,870 [INFO] Trying parameter set 4: {'image': array([[  0,   0, 255, ...,   0,   0,   0],
       [  0,   0, 255, ...,   0,   0,   0],
       [255, 255, 255, ...,   0,   0,   0],
       ...,
       [255, 255, 255, ..., 255, 255, 255],
       [255, 255, 255, ..., 255, 255, 255],
       [255, 255, 255, ..., 255, 255, 255]], shape=(345, 382), dtype=uint8), 'text_threshold': 0.4, 'low_text': 0.2, 'link_threshold': 0.4, 'width_ths': 0.7, 'height_ths': 0.7, 'mag_ratio': 1.5}
2025-07-06 23:39:17,933 [INFO] Parameter set 4 returned 3 results
2025-07-06 23:39:17,934 [INFO]   Result 1: Text='A', Confidence=1.000, Position=(68, 131)
2025-07-06 23:39:17,934 [INFO]     -> SINGLE LETTER: 'A' at (68, 131) with confidence 1.000
2025-07-06 23:39:17,934 [INFO]   Result 2: Text='N', Confidence=1.000, Position=(316, 132)
2025-07-06 23:39:17,934 [INFO]     -> SINGLE LETTER: 'N' at (316, 132) with confidence 1.000
2025-07-06 23:39:17,934 [INFO]     -> CONTAINS TARGET LETTERS: 'N' might be relevant
2025-07-06 23:39:17,934 [INFO]   Result 3: Text='EL', Confidence=0.995, Position=(195, 277)
2025-07-06 23:39:17,934 [INFO]     -> MULTI-LETTER: 'EL' - attempting to split
2025-07-06 23:39:17,934 [INFO] SPLIT LETTER: 'E' at (137, 277) from 'EL' with confidence 0.995
2025-07-06 23:39:17,934 [INFO] SPLIT LETTER: 'L' at (252, 277) from 'EL' with confidence 0.995
2025-07-06 23:39:17,934 [INFO] Testing without allowlist to see all possible detections...
2025-07-06 23:39:18,049 [INFO] No-allowlist mode returned 6 results
2025-07-06 23:39:18,050 [INFO]   No-allowlist Result 1: Text='1', Confidence=0.492, Position=(209, 60)
2025-07-06 23:39:18,050 [INFO]   No-allowlist Result 2: Text='', Confidence=0.000, Position=(4, 131)
2025-07-06 23:39:18,050 [INFO]   No-allowlist Result 3: Text='', Confidence=0.000, Position=(17, 127)
2025-07-06 23:39:18,050 [INFO]   No-allowlist Result 4: Text='A', Confidence=0.999, Position=(64, 129)
2025-07-06 23:39:18,050 [INFO]   No-allowlist Result 5: Text='', Confidence=0.000, Position=(210, 137)
2025-07-06 23:39:18,050 [INFO]   No-allowlist Result 6: Text='{e_N', Confidence=0.029, Position=(207, 254)
2025-07-06 23:39:18,050 [INFO] Detected letters: A, N, N, E, L
2025-07-06 23:39:18,050 [INFO] Finding words...
2025-07-06 23:39:18,051 [INFO] Found 24 words: LAN, ALEN, ELA, NEAL, NAEL, NAN, NEA, LAEN, ALE, NAE, LEAN, NALE, LENA, ELAN, ANNE, EAN, ANE, LEN, NANE, LEA, LANE, ENL, ANN, ALN
2025-07-06 23:39:18,051 [INFO] Swiping words...
2025-07-06 23:39:18,051 [INFO] Swiping: ALE
2025-07-06 23:39:18,813 [INFO] Swiping: ALEN
2025-07-06 23:39:19,671 [INFO] Swiping: ALN
2025-07-06 23:39:19,735 [INFO] STOP SIGNAL RECEIVED - Bot will stop after current operation!
2025-07-06 23:39:20,410 [INFO] Bot stopped after swiping word: ALN
2025-07-06 23:39:20,411 [INFO] Bot stopped by user!
2025-07-06 23:43:42,628 [INFO] Hotkey registered: Ctrl+Shift+F8 to stop the bot
2025-07-06 23:43:42,630 [INFO] Debug mode enabled. Screenshots will be saved in 'debug_screenshots'
2025-07-06 23:43:44,360 [INFO] Getting processed screenshot...
2025-07-06 23:43:44,544 [INFO] Detecting letters...
2025-07-06 23:43:44,544 [INFO] Trying parameter set 1: {'image': array([[  0,   0, 255, ...,   0,   0,   0],
       [  0,   0, 255, ...,   0,   0,   0],
       [255, 255, 255, ...,   0,   0,   0],
       ...,
       [255, 255, 255, ..., 255, 255, 255],
       [255, 255, 255, ..., 255, 255, 255],
       [255, 255, 255, ..., 255, 255, 255]], shape=(345, 382), dtype=uint8), 'text_threshold': 0.4, 'low_text': 0.2, 'link_threshold': 0.2, 'width_ths': 0.5, 'height_ths': 0.5}
2025-07-06 23:43:44,764 [INFO] Parameter set 1 returned 2 results
2025-07-06 23:43:44,764 [INFO]   Result 1: Text='A', Confidence=1.000, Position=(58, 130)
2025-07-06 23:43:44,765 [INFO]     -> SINGLE LETTER: 'A' at (58, 130) with confidence 1.000
2025-07-06 23:43:44,765 [INFO] ACCEPTED (Set 1): 'A' with confidence 1.000 (threshold: 0.600)
2025-07-06 23:43:44,765 [INFO]   Result 2: Text='LN', Confidence=0.293, Position=(210, 252)
2025-07-06 23:43:44,765 [INFO]     -> MULTI-LETTER: 'LN' - attempting to split
2025-07-06 23:43:44,765 [INFO]     -> CONTAINS TARGET LETTERS: 'LN' might be relevant
2025-07-06 23:43:44,765 [INFO] Trying parameter set 2: {'image': array([[  0,   0, 255, ...,   0,   0,   0],
       [  0,   0, 255, ...,   0,   0,   0],
       [255, 255, 255, ...,   0,   0,   0],
       ...,
       [255, 255, 255, ..., 255, 255, 255],
       [255, 255, 255, ..., 255, 255, 255],
       [255, 255, 255, ..., 255, 255, 255]], shape=(345, 382), dtype=uint8), 'text_threshold': 0.7, 'low_text': 0.4, 'link_threshold': 0.4, 'width_ths': 0.7, 'height_ths': 0.7}
2025-07-06 23:43:44,811 [INFO] Parameter set 2 returned 3 results
2025-07-06 23:43:44,812 [INFO]   Result 1: Text='A', Confidence=0.998, Position=(68, 127)
2025-07-06 23:43:44,812 [INFO]     -> SINGLE LETTER: 'A' at (68, 127) with confidence 0.998
2025-07-06 23:43:44,812 [INFO]   Result 2: Text='N', Confidence=1.000, Position=(315, 132)
2025-07-06 23:43:44,812 [INFO]     -> SINGLE LETTER: 'N' at (315, 132) with confidence 1.000
2025-07-06 23:43:44,812 [INFO] ACCEPTED (Set 2): 'N' with confidence 1.000 (threshold: 0.300)
2025-07-06 23:43:44,812 [INFO]     -> CONTAINS TARGET LETTERS: 'N' might be relevant
2025-07-06 23:43:44,812 [INFO]   Result 3: Text='EL', Confidence=0.992, Position=(199, 269)
2025-07-06 23:43:44,812 [INFO]     -> MULTI-LETTER: 'EL' - attempting to split
2025-07-06 23:43:44,812 [INFO] SPLIT LETTER: 'E' at (139, 269) from 'EL' with confidence 0.992
2025-07-06 23:43:44,813 [INFO] SPLIT LETTER: 'L' at (259, 269) from 'EL' with confidence 0.992
2025-07-06 23:43:44,813 [INFO] Trying parameter set 3: {'image': array([[  0,   0, 255, ...,   0,   0,   0],
       [  0,   0, 255, ...,   0,   0,   0],
       [255, 255, 255, ...,   0,   0,   0],
       ...,
       [255, 255, 255, ..., 255, 255, 255],
       [255, 255, 255, ..., 255, 255, 255],
       [255, 255, 255, ..., 255, 255, 255]], shape=(345, 382), dtype=uint8), 'text_threshold': 0.4, 'low_text': 0.2, 'link_threshold': 0.4, 'width_ths': 0.7, 'height_ths': 0.7}
2025-07-06 23:43:44,844 [INFO] Parameter set 3 returned 2 results
2025-07-06 23:43:44,844 [INFO]   Result 1: Text='A', Confidence=1.000, Position=(64, 129)
2025-07-06 23:43:44,844 [INFO]     -> SINGLE LETTER: 'A' at (64, 129) with confidence 1.000
2025-07-06 23:43:44,844 [INFO]   Result 2: Text='TEN', Confidence=0.107, Position=(207, 254)
2025-07-06 23:43:44,844 [INFO]     -> MULTI-LETTER: 'TEN' - attempting to split
2025-07-06 23:43:44,844 [INFO]     -> CONTAINS TARGET LETTERS: 'TEN' might be relevant
2025-07-06 23:43:44,845 [INFO] Trying parameter set 4: {'image': array([[  0,   0, 255, ...,   0,   0,   0],
       [  0,   0, 255, ...,   0,   0,   0],
       [255, 255, 255, ...,   0,   0,   0],
       ...,
       [255, 255, 255, ..., 255, 255, 255],
       [255, 255, 255, ..., 255, 255, 255],
       [255, 255, 255, ..., 255, 255, 255]], shape=(345, 382), dtype=uint8), 'text_threshold': 0.4, 'low_text': 0.2, 'link_threshold': 0.4, 'width_ths': 0.7, 'height_ths': 0.7, 'mag_ratio': 1.5}
2025-07-06 23:43:44,907 [INFO] Parameter set 4 returned 3 results
2025-07-06 23:43:44,907 [INFO]   Result 1: Text='A', Confidence=1.000, Position=(68, 131)
2025-07-06 23:43:44,908 [INFO]     -> SINGLE LETTER: 'A' at (68, 131) with confidence 1.000
2025-07-06 23:43:44,908 [INFO]   Result 2: Text='N', Confidence=1.000, Position=(316, 132)
2025-07-06 23:43:44,908 [INFO]     -> SINGLE LETTER: 'N' at (316, 132) with confidence 1.000
2025-07-06 23:43:44,908 [INFO]     -> CONTAINS TARGET LETTERS: 'N' might be relevant
2025-07-06 23:43:44,908 [INFO]   Result 3: Text='EL', Confidence=0.993, Position=(195, 277)
2025-07-06 23:43:44,908 [INFO]     -> MULTI-LETTER: 'EL' - attempting to split
2025-07-06 23:43:44,908 [INFO] SPLIT LETTER: 'E' at (137, 277) from 'EL' with confidence 0.993
2025-07-06 23:43:44,908 [INFO] SPLIT LETTER: 'L' at (252, 277) from 'EL' with confidence 0.993
2025-07-06 23:43:44,908 [INFO] Testing without allowlist to see all possible detections...
2025-07-06 23:43:45,039 [INFO] No-allowlist mode returned 6 results
2025-07-06 23:43:45,039 [INFO]   No-allowlist Result 1: Text='1', Confidence=0.492, Position=(209, 60)
2025-07-06 23:43:45,039 [INFO]   No-allowlist Result 2: Text='', Confidence=0.000, Position=(4, 131)
2025-07-06 23:43:45,039 [INFO]   No-allowlist Result 3: Text='', Confidence=0.000, Position=(17, 127)
2025-07-06 23:43:45,039 [INFO]   No-allowlist Result 4: Text='A', Confidence=0.999, Position=(64, 129)
2025-07-06 23:43:45,039 [INFO]   No-allowlist Result 5: Text='', Confidence=0.000, Position=(210, 137)
2025-07-06 23:43:45,040 [INFO]   No-allowlist Result 6: Text='{e_N', Confidence=0.029, Position=(207, 254)
2025-07-06 23:43:45,040 [INFO] Detected letters: A, N, E, L
2025-07-06 23:43:45,040 [INFO] Finding words...
2025-07-06 23:43:45,040 [INFO] Found 20 words: NEA, ALE, LANE, NALE, LAEN, LEAN, ELA, ANE, ENL, NAEL, LENA, EAN, LEN, ALEN, ALN, NEAL, LEA, ELAN, LAN, NAE
2025-07-06 23:43:45,040 [INFO] Swiping words...
2025-07-06 23:43:45,040 [INFO] Swiping: ALE
2025-07-06 23:43:45,810 [INFO] Swiping: ALEN
2025-07-06 23:43:46,332 [INFO] STOP SIGNAL RECEIVED - Bot will stop after current operation!
2025-07-06 23:43:46,658 [INFO] Bot stopped after swiping word: ALEN
2025-07-06 23:43:46,659 [INFO] Bot stopped by user!
2025-07-06 23:46:28,132 [INFO] Hotkey registered: Ctrl+Shift+F8 to stop the bot
2025-07-06 23:46:28,134 [INFO] Debug mode enabled. Screenshots will be saved in 'debug_screenshots'
2025-07-06 23:46:29,826 [INFO] Getting processed screenshot...
2025-07-06 23:46:30,001 [INFO] Detecting letters...
2025-07-06 23:46:30,002 [INFO] Trying parameter set 1: {'image': array([[  0,   0, 255, ...,   0,   0,   0],
       [  0,   0, 255, ...,   0,   0,   0],
       [255, 255, 255, ...,   0,   0,   0],
       ...,
       [255, 255, 255, ..., 255, 255, 255],
       [255, 255, 255, ..., 255, 255, 255],
       [255, 255, 255, ..., 255, 255, 255]], shape=(345, 382), dtype=uint8), 'text_threshold': 0.4, 'low_text': 0.2, 'link_threshold': 0.2, 'width_ths': 0.5, 'height_ths': 0.5}
2025-07-06 23:46:30,230 [INFO] Parameter set 1 returned 2 results
2025-07-06 23:46:30,230 [INFO]   Result 1: Text='A', Confidence=1.000, Position=(58, 130)
2025-07-06 23:46:30,231 [INFO]     -> SINGLE LETTER: 'A' at (58, 130) with confidence 1.000
2025-07-06 23:46:30,231 [INFO] ACCEPTED (Set 1): 'A' with confidence 1.000 (threshold: 0.600)
2025-07-06 23:46:30,231 [INFO]   Result 2: Text='LN', Confidence=0.293, Position=(210, 252)
2025-07-06 23:46:30,231 [INFO]     -> MULTI-LETTER: 'LN' - attempting to split
2025-07-06 23:46:30,231 [INFO]     -> CONTAINS TARGET LETTERS: 'LN' might be relevant
2025-07-06 23:46:30,231 [INFO] Trying parameter set 2: {'image': array([[  0,   0, 255, ...,   0,   0,   0],
       [  0,   0, 255, ...,   0,   0,   0],
       [255, 255, 255, ...,   0,   0,   0],
       ...,
       [255, 255, 255, ..., 255, 255, 255],
       [255, 255, 255, ..., 255, 255, 255],
       [255, 255, 255, ..., 255, 255, 255]], shape=(345, 382), dtype=uint8), 'text_threshold': 0.7, 'low_text': 0.4, 'link_threshold': 0.4, 'width_ths': 0.7, 'height_ths': 0.7}
2025-07-06 23:46:30,282 [INFO] Parameter set 2 returned 3 results
2025-07-06 23:46:30,283 [INFO]   Result 1: Text='A', Confidence=0.998, Position=(68, 127)
2025-07-06 23:46:30,283 [INFO]     -> SINGLE LETTER: 'A' at (68, 127) with confidence 0.998
2025-07-06 23:46:30,283 [INFO]   Result 2: Text='N', Confidence=1.000, Position=(315, 132)
2025-07-06 23:46:30,283 [INFO]     -> SINGLE LETTER: 'N' at (315, 132) with confidence 1.000
2025-07-06 23:46:30,283 [INFO] ACCEPTED (Set 2): 'N' with confidence 1.000 (threshold: 0.300)
2025-07-06 23:46:30,283 [INFO]     -> CONTAINS TARGET LETTERS: 'N' might be relevant
2025-07-06 23:46:30,283 [INFO]   Result 3: Text='EL', Confidence=0.992, Position=(199, 269)
2025-07-06 23:46:30,284 [INFO]     -> MULTI-LETTER: 'EL' - attempting to split
2025-07-06 23:46:30,284 [INFO] SPLIT LETTER: 'E' at (139, 269) from 'EL' with confidence 0.992
2025-07-06 23:46:30,284 [INFO] SPLIT LETTER: 'L' at (259, 269) from 'EL' with confidence 0.992
2025-07-06 23:46:30,284 [INFO] Trying parameter set 3: {'image': array([[  0,   0, 255, ...,   0,   0,   0],
       [  0,   0, 255, ...,   0,   0,   0],
       [255, 255, 255, ...,   0,   0,   0],
       ...,
       [255, 255, 255, ..., 255, 255, 255],
       [255, 255, 255, ..., 255, 255, 255],
       [255, 255, 255, ..., 255, 255, 255]], shape=(345, 382), dtype=uint8), 'text_threshold': 0.4, 'low_text': 0.2, 'link_threshold': 0.4, 'width_ths': 0.7, 'height_ths': 0.7}
2025-07-06 23:46:30,311 [INFO] Parameter set 3 returned 2 results
2025-07-06 23:46:30,311 [INFO]   Result 1: Text='A', Confidence=1.000, Position=(64, 129)
2025-07-06 23:46:30,311 [INFO]     -> SINGLE LETTER: 'A' at (64, 129) with confidence 1.000
2025-07-06 23:46:30,311 [INFO]   Result 2: Text='TEN', Confidence=0.107, Position=(207, 254)
2025-07-06 23:46:30,311 [INFO]     -> MULTI-LETTER: 'TEN' - attempting to split
2025-07-06 23:46:30,311 [INFO]     -> CONTAINS TARGET LETTERS: 'TEN' might be relevant
2025-07-06 23:46:30,312 [INFO] Trying parameter set 4: {'image': array([[  0,   0, 255, ...,   0,   0,   0],
       [  0,   0, 255, ...,   0,   0,   0],
       [255, 255, 255, ...,   0,   0,   0],
       ...,
       [255, 255, 255, ..., 255, 255, 255],
       [255, 255, 255, ..., 255, 255, 255],
       [255, 255, 255, ..., 255, 255, 255]], shape=(345, 382), dtype=uint8), 'text_threshold': 0.4, 'low_text': 0.2, 'link_threshold': 0.4, 'width_ths': 0.7, 'height_ths': 0.7, 'mag_ratio': 1.5}
2025-07-06 23:46:30,374 [INFO] Parameter set 4 returned 3 results
2025-07-06 23:46:30,374 [INFO]   Result 1: Text='A', Confidence=1.000, Position=(68, 131)
2025-07-06 23:46:30,374 [INFO]     -> SINGLE LETTER: 'A' at (68, 131) with confidence 1.000
2025-07-06 23:46:30,375 [INFO]   Result 2: Text='N', Confidence=1.000, Position=(316, 132)
2025-07-06 23:46:30,375 [INFO]     -> SINGLE LETTER: 'N' at (316, 132) with confidence 1.000
2025-07-06 23:46:30,375 [INFO]     -> CONTAINS TARGET LETTERS: 'N' might be relevant
2025-07-06 23:46:30,375 [INFO]   Result 3: Text='EL', Confidence=0.993, Position=(195, 277)
2025-07-06 23:46:30,375 [INFO]     -> MULTI-LETTER: 'EL' - attempting to split
2025-07-06 23:46:30,375 [INFO] SPLIT LETTER: 'E' at (137, 277) from 'EL' with confidence 0.993
2025-07-06 23:46:30,375 [INFO] SPLIT LETTER: 'L' at (252, 277) from 'EL' with confidence 0.993
2025-07-06 23:46:30,375 [INFO] Testing without allowlist to see all possible detections...
2025-07-06 23:46:30,490 [INFO] No-allowlist mode returned 6 results
2025-07-06 23:46:30,490 [INFO]   No-allowlist Result 1: Text='1', Confidence=0.492, Position=(209, 60)
2025-07-06 23:46:30,490 [INFO] ACCEPTED (No-Allowlist): 'I' with confidence 0.492
2025-07-06 23:46:30,490 [INFO]   No-allowlist Result 2: Text='', Confidence=0.000, Position=(4, 131)
2025-07-06 23:46:30,490 [INFO]   No-allowlist Result 3: Text='', Confidence=0.000, Position=(17, 127)
2025-07-06 23:46:30,490 [INFO]   No-allowlist Result 4: Text='A', Confidence=0.999, Position=(64, 129)
2025-07-06 23:46:30,491 [INFO]   No-allowlist Result 5: Text='', Confidence=0.000, Position=(210, 137)
2025-07-06 23:46:30,491 [INFO]   No-allowlist Result 6: Text='{e_N', Confidence=0.029, Position=(207, 254)
2025-07-06 23:46:30,491 [INFO] Detected letters: A, N, E, L, I
2025-07-06 23:46:30,491 [INFO] Finding words...
2025-07-06 23:46:30,491 [INFO] Found 56 words: ELAN, NAEL, LAINE, NILE, ELIA, LENA, ILA, AILE, ILEA, NIL, AIEL, NEIL, ALN, ALIEN, LAIN, LINE, NALE, LANE, LEAN, NEA, ANILE, NEI, AINE, ELA, AIL, IAN, LEA, EAN, ENL, ALE, LAEN, LEI, ALEN, LINA, ELIAN, EILA, LIANE, ELI, ANIL, ANE, NAE, NEAL, ELAIN, LINEA, LAN, LEN, ALINE, LIN, AIN, ILE, LIEN, ANI, LIE, ALIN, NAIL, LAI
2025-07-06 23:46:30,491 [INFO] Swiping words...
2025-07-06 23:46:30,491 [INFO] Swiping: AIEL
2025-07-06 23:46:31,356 [INFO] Swiping: AIL
2025-07-06 23:46:32,120 [INFO] Swiping: AILE
2025-07-06 23:46:32,967 [INFO] Swiping: AIN
2025-07-06 23:46:33,709 [INFO] Swiping: AINE
2025-07-06 23:46:34,558 [INFO] Swiping: ALE
2025-07-06 23:46:35,300 [INFO] Swiping: ALEN
2025-07-06 23:46:36,144 [INFO] Swiping: ALIEN
2025-07-06 23:46:37,094 [INFO] Swiping: ALIN
2025-07-06 23:46:37,942 [INFO] Swiping: ALINE
2025-07-06 23:46:38,895 [INFO] Swiping: ALN
2025-07-06 23:46:39,645 [INFO] Swiping: ANE
2025-07-06 23:46:40,400 [INFO] Swiping: ANI
2025-07-06 23:46:41,168 [INFO] Swiping: ANIL
2025-07-06 23:46:42,031 [INFO] Swiping: ANILE
2025-07-06 23:46:42,978 [INFO] Swiping: EAN
2025-07-06 23:46:43,732 [INFO] Swiping: EILA
2025-07-06 23:46:44,578 [INFO] Swiping: ELA
2025-07-06 23:46:45,328 [INFO] Swiping: ELAIN
2025-07-06 23:46:46,278 [INFO] Swiping: ELAN
2025-07-06 23:46:47,127 [INFO] Swiping: ELI
2025-07-06 23:46:47,869 [INFO] Swiping: ELIA
2025-07-06 23:46:48,714 [INFO] Swiping: ELIAN
2025-07-06 23:46:49,660 [INFO] Swiping: ENL
2025-07-06 23:46:50,402 [INFO] Swiping: IAN
2025-07-06 23:46:51,148 [INFO] Swiping: ILA
2025-07-06 23:46:51,896 [INFO] Swiping: ILE
2025-07-06 23:46:52,636 [INFO] Swiping: ILEA
2025-07-06 23:46:53,494 [INFO] Swiping: LAEN
2025-07-06 23:46:54,343 [INFO] Swiping: LAI
2025-07-06 23:46:55,090 [INFO] Swiping: LAIN
2025-07-06 23:46:55,938 [INFO] Swiping: LAINE
2025-07-06 23:46:56,895 [INFO] Swiping: LAN
2025-07-06 23:46:57,635 [INFO] Swiping: LANE
2025-07-06 23:46:58,492 [INFO] Swiping: LEA
2025-07-06 23:46:59,235 [INFO] Swiping: LEAN
2025-07-06 23:47:00,095 [INFO] Swiping: LEI
2025-07-06 23:47:00,836 [INFO] Swiping: LEN
2025-07-06 23:47:01,580 [INFO] Swiping: LENA
2025-07-06 23:47:02,431 [INFO] Swiping: LIANE
2025-07-06 23:47:03,378 [INFO] Swiping: LIE
2025-07-06 23:47:04,122 [INFO] Swiping: LIEN
2025-07-06 23:47:04,972 [INFO] Swiping: LIN
2025-07-06 23:47:05,728 [INFO] Swiping: LINA
2025-07-06 23:47:06,570 [INFO] Swiping: LINE
2025-07-06 23:47:07,413 [INFO] Swiping: LINEA
2025-07-06 23:47:08,373 [INFO] Swiping: NAE
2025-07-06 23:47:09,132 [INFO] Swiping: NAEL
2025-07-06 23:47:09,984 [INFO] Swiping: NAIL
2025-07-06 23:47:10,841 [INFO] Swiping: NALE
2025-07-06 23:47:11,689 [INFO] Swiping: NEA
2025-07-06 23:47:12,439 [INFO] Swiping: NEAL
2025-07-06 23:47:13,280 [INFO] Swiping: NEI
2025-07-06 23:47:14,030 [INFO] Swiping: NEIL
2025-07-06 23:47:14,880 [INFO] Swiping: NIL
2025-07-06 23:47:15,630 [INFO] Swiping: NILE
2025-07-06 23:47:16,478 [INFO] Done!
