2025-07-04 15:11:43,578 - INFO - Connected to device: R5CWB1J3MXR
2025-07-04 15:11:51,200 - INFO - --- Processing 3-letter words ---
2025-07-04 15:11:51,200 - INFO - Executing swipe for 'ail': input swipe 323 1895 560 1525 50 && input swipe 560 1525 756 1870 50
2025-07-04 15:11:51,905 - INFO - Executing swipe for 'aim': input swipe 323 1895 560 1525 50 && input swipe 560 1525 555 2012 50
2025-07-04 15:11:52,590 - INFO - Executing swipe for 'aix': input swipe 323 1895 560 1525 50 && input swipe 560 1525 340 1657 50
2025-07-04 15:11:53,288 - INFO - Executing swipe for 'alc': input swipe 323 1895 756 1870 50 && input swipe 756 1870 742 1670 50
2025-07-04 15:11:53,989 - INFO - Executing swipe for 'ami': input swipe 323 1895 555 2012 50 && input swipe 555 2012 560 1525 50
2025-07-04 15:11:54,710 - INFO - Executing swipe for 'cai': input swipe 742 1670 323 1895 50 && input swipe 323 1895 560 1525 50
2025-07-04 15:11:55,387 - INFO - Executing swipe for 'cal': input swipe 742 1670 323 1895 50 && input swipe 323 1895 756 1870 50
2025-07-04 15:11:56,073 - INFO - Executing swipe for 'cam': input swipe 742 1670 323 1895 50 && input swipe 323 1895 555 2012 50
2025-07-04 15:11:56,755 - INFO - Executing swipe for 'cia': input swipe 742 1670 560 1525 50 && input swipe 560 1525 323 1895 50
2025-07-04 15:11:57,437 - INFO - Executing swipe for 'cli': input swipe 742 1670 756 1870 50 && input swipe 756 1870 560 1525 50
2025-07-04 15:11:58,122 - INFO - Executing swipe for 'cml': input swipe 742 1670 555 2012 50 && input swipe 555 2012 756 1870 50
2025-07-04 15:11:58,803 - INFO - Executing swipe for 'ila': input swipe 560 1525 756 1870 50 && input swipe 756 1870 323 1895 50
2025-07-04 15:11:59,488 - INFO - Executing swipe for 'ima': input swipe 560 1525 555 2012 50 && input swipe 555 2012 323 1895 50
2025-07-04 15:12:00,172 - INFO - Executing swipe for 'lac': input swipe 756 1870 323 1895 50 && input swipe 323 1895 742 1670 50
2025-07-04 15:12:00,871 - INFO - Executing swipe for 'lai': input swipe 756 1870 323 1895 50 && input swipe 323 1895 560 1525 50
2025-07-04 15:12:01,572 - INFO - Executing swipe for 'lam': input swipe 756 1870 323 1895 50 && input swipe 323 1895 555 2012 50
2025-07-04 15:12:02,270 - INFO - Executing swipe for 'lax': input swipe 756 1870 323 1895 50 && input swipe 323 1895 340 1657 50
2025-07-04 15:12:02,970 - INFO - Executing swipe for 'lca': input swipe 756 1870 742 1670 50 && input swipe 742 1670 323 1895 50
2025-07-04 15:12:03,671 - INFO - Executing swipe for 'lcm': input swipe 756 1870 742 1670 50 && input swipe 742 1670 555 2012 50
2025-07-04 15:12:04,370 - INFO - Executing swipe for 'lim': input swipe 756 1870 560 1525 50 && input swipe 560 1525 555 2012 50
2025-07-04 15:12:05,052 - INFO - Executing swipe for 'mac': input swipe 555 2012 323 1895 50 && input swipe 323 1895 742 1670 50
2025-07-04 15:12:05,721 - INFO - Executing swipe for 'mal': input swipe 555 2012 323 1895 50 && input swipe 323 1895 756 1870 50
2025-07-04 15:12:06,439 - INFO - Executing swipe for 'max': input swipe 555 2012 323 1895 50 && input swipe 323 1895 340 1657 50
2025-07-04 15:12:07,137 - INFO - Executing swipe for 'mia': input swipe 555 2012 560 1525 50 && input swipe 560 1525 323 1895 50
2025-07-04 15:12:07,818 - INFO - Executing swipe for 'mil': input swipe 555 2012 560 1525 50 && input swipe 560 1525 756 1870 50
2025-07-04 15:12:08,518 - INFO - Executing swipe for 'mix': input swipe 555 2012 560 1525 50 && input swipe 560 1525 340 1657 50
2025-07-04 15:12:09,203 - INFO - Executing swipe for 'mlx': input swipe 555 2012 756 1870 50 && input swipe 756 1870 340 1657 50
2025-07-04 15:12:09,902 - INFO - Executing swipe for 'xcl': input swipe 340 1657 742 1670 50 && input swipe 742 1670 756 1870 50
2025-07-04 15:12:10,584 - INFO - --- Processing 4-letter words ---
2025-07-04 15:12:10,585 - INFO - Executing swipe for 'alix': input swipe 323 1895 756 1870 50 && input swipe 756 1870 560 1525 50 && input swipe 560 1525 340 1657 50
2025-07-04 15:12:11,369 - INFO - Executing swipe for 'amic': input swipe 323 1895 555 2012 50 && input swipe 555 2012 560 1525 50 && input swipe 560 1525 742 1670 50
2025-07-04 15:12:12,169 - INFO - Executing swipe for 'amil': input swipe 323 1895 555 2012 50 && input swipe 555 2012 560 1525 50 && input swipe 560 1525 756 1870 50
2025-07-04 15:12:12,951 - INFO - Executing swipe for 'amli': input swipe 323 1895 555 2012 50 && input swipe 555 2012 756 1870 50 && input swipe 756 1870 560 1525 50
2025-07-04 15:12:13,752 - INFO - Executing swipe for 'axil': input swipe 323 1895 340 1657 50 && input swipe 340 1657 560 1525 50 && input swipe 560 1525 756 1870 50
2025-07-04 15:12:14,519 - INFO - Executing swipe for 'calm': input swipe 742 1670 323 1895 50 && input swipe 323 1895 756 1870 50 && input swipe 756 1870 555 2012 50
2025-07-04 15:12:15,321 - INFO - Executing swipe for 'calx': input swipe 742 1670 323 1895 50 && input swipe 323 1895 756 1870 50 && input swipe 756 1870 340 1657 50
2025-07-04 15:12:16,101 - INFO - Executing swipe for 'cima': input swipe 742 1670 560 1525 50 && input swipe 560 1525 555 2012 50 && input swipe 555 2012 323 1895 50
2025-07-04 15:12:16,868 - INFO - Executing swipe for 'clam': input swipe 742 1670 756 1870 50 && input swipe 756 1870 323 1895 50 && input swipe 323 1895 555 2012 50
2025-07-04 15:12:17,668 - INFO - Executing swipe for 'laic': input swipe 756 1870 323 1895 50 && input swipe 323 1895 560 1525 50 && input swipe 560 1525 742 1670 50
2025-07-04 15:12:18,451 - INFO - Executing swipe for 'lima': input swipe 756 1870 560 1525 50 && input swipe 560 1525 555 2012 50 && input swipe 555 2012 323 1895 50
2025-07-04 15:15:13,202 - INFO - Connected to device: R5CWB1J3MXR
2025-07-04 15:15:23,889 - INFO - Taking screenshot...
2025-07-04 15:15:25,446 - INFO - Processing image to find letter coordinates...
2025-07-04 15:15:25,494 - ERROR - Detected 1 letters, but user entered 6. Please check the letters or screen.
2025-07-04 15:15:25,523 - INFO - Saved debug_image.png to show what the script detected.
2025-07-04 15:15:25,523 - ERROR - Could not determine letter coordinates. Exiting.
2025-07-04 15:17:30,399 - INFO - Connected to device: R5CWB1J3MXR
2025-07-04 15:17:36,902 - INFO - Taking screenshot...
2025-07-04 15:17:38,134 - INFO - Processing image to find letter coordinates...
2025-07-04 15:17:38,177 - ERROR - Detected 22 letters, but user entered 6. Please check the letters or screen.
2025-07-04 15:17:38,205 - INFO - Saved debug_image.png to show what the script detected.
2025-07-04 15:17:38,206 - ERROR - Could not determine letter coordinates. Exiting.
2025-07-04 15:20:25,726 - INFO - Connected to device: R5CWB1J3MXR
2025-07-04 15:20:32,037 - INFO - Taking screenshot...
2025-07-04 15:20:33,279 - INFO - Processing image to find letter coordinates...
2025-07-04 15:20:33,335 - ERROR - Detected 36 letters, but user entered 6. Please check the letters or screen.
2025-07-04 15:20:33,365 - INFO - Saved debug_image.png to show what the script detected.
2025-07-04 15:20:33,367 - ERROR - Could not determine letter coordinates. Exiting.
2025-07-04 15:26:47,990 - INFO - Connected to device: R5CWB1J3MXR
2025-07-04 15:26:47,990 - INFO - Taking screenshot for template matching...
2025-07-04 15:26:49,505 - INFO - Loading screenshot and templates...
2025-07-04 15:26:49,545 - INFO - Found 6 templates: ['a', 'c', 'i', 'l', 'm', 'x']
2025-07-04 15:26:49,598 - INFO - Found letter 'a' at (np.int64(321), np.int64(1878))
2025-07-04 15:26:49,657 - INFO - Found letter 'c' at (np.int64(747), np.int64(1629))
2025-07-04 15:26:49,701 - INFO - Found letter 'i' at (np.int64(539), np.int64(1487))
2025-07-04 15:26:49,743 - INFO - Found letter 'l' at (np.int64(558), np.int64(1507))
2025-07-04 15:26:49,792 - INFO - Found letter 'm' at (np.int64(536), np.int64(1995))
2025-07-04 15:26:49,842 - INFO - Found letter 'x' at (np.int64(320), np.int64(1627))
2025-07-04 15:26:49,843 - INFO - Letters detected on screen: acilmx
2025-07-04 15:26:50,781 - INFO - --- Processing 3-letter words ---
2025-07-04 15:26:50,781 - INFO - Swiping 'ail'...
2025-07-04 15:26:52,272 - INFO - Swiping 'aim'...
2025-07-04 15:26:53,772 - INFO - Swiping 'aix'...
2025-07-04 15:26:55,271 - INFO - Swiping 'alc'...
2025-07-04 15:26:56,770 - INFO - Swiping 'ami'...
2025-07-04 15:26:58,272 - INFO - Swiping 'cai'...
2025-07-04 15:26:59,752 - INFO - Swiping 'cal'...
2025-07-04 15:27:01,254 - INFO - Swiping 'cam'...
2025-07-04 15:29:30,595 - INFO - Connected to device: R5CWB1J3MXR
2025-07-04 15:29:30,595 - INFO - Taking screenshot for template matching...
2025-07-04 15:29:32,066 - INFO - Loading screenshot and templates...
2025-07-04 15:29:32,105 - INFO - Found 6 templates: ['a', 'c', 'i', 'l', 'm', 'x']
2025-07-04 15:29:32,153 - INFO - Found letter 'a' at (321, 1878)
2025-07-04 15:29:32,200 - INFO - Found letter 'c' at (747, 1629)
2025-07-04 15:29:32,244 - INFO - Found letter 'i' at (539, 1487)
2025-07-04 15:29:32,287 - INFO - Found letter 'l' at (558, 1507)
2025-07-04 15:29:32,340 - INFO - Found letter 'm' at (536, 1995)
2025-07-04 15:29:32,387 - INFO - Found letter 'x' at (320, 1627)
2025-07-04 15:29:32,388 - INFO - Letters detected on screen: acilmx
2025-07-04 15:29:33,277 - INFO - --- Processing 3-letter words ---
2025-07-04 15:29:33,277 - INFO - Swiping 'ail'...
2025-07-04 15:29:34,615 - INFO - Swiping 'aim'...
2025-07-04 15:29:35,934 - INFO - Swiping 'aix'...
2025-07-04 15:29:37,237 - INFO - Swiping 'alc'...
2025-07-04 15:29:38,530 - INFO - Swiping 'ami'...
2025-07-04 15:29:39,838 - INFO - Swiping 'cai'...
2025-07-04 15:29:41,169 - INFO - Swiping 'cal'...
2025-07-04 15:29:42,507 - INFO - Swiping 'cam'...
2025-07-04 15:29:43,809 - INFO - Swiping 'cia'...
2025-07-04 15:29:45,112 - INFO - Swiping 'cli'...
2025-07-04 15:29:46,437 - INFO - Swiping 'cml'...
2025-07-04 15:31:20,145 - INFO - Connected to device: R5CWB1J3MXR
2025-07-04 15:31:20,146 - INFO - Detecting touchscreen device...
2025-07-04 15:31:20,175 - ERROR - Could not automatically detect a touchscreen device.
2025-07-04 15:31:32,083 - INFO - Connected to device: R5CWB1J3MXR
2025-07-04 15:31:32,083 - INFO - Detecting touchscreen device...
2025-07-04 15:31:32,103 - ERROR - Could not automatically detect a touchscreen device.
2025-07-04 15:33:41,479 - INFO - Connected to device: R5CWB1J3MXR
2025-07-04 15:33:41,480 - INFO - Detecting touchscreen device...
2025-07-04 15:33:41,501 - INFO - Found touchscreen device: /dev/input/event2
2025-07-04 15:33:41,501 - INFO - Taking screenshot for template matching...
2025-07-04 15:33:42,986 - INFO - Found 6 templates: ['a', 'c', 'i', 'l', 'm', 'x']
2025-07-04 15:33:43,035 - INFO - Found letter 'a' at (321, 1878)
2025-07-04 15:33:43,088 - INFO - Found letter 'c' at (747, 1629)
2025-07-04 15:33:43,131 - INFO - Found letter 'i' at (539, 1487)
2025-07-04 15:33:43,178 - INFO - Found letter 'l' at (558, 1507)
2025-07-04 15:33:43,227 - INFO - Found letter 'm' at (536, 1995)
2025-07-04 15:33:43,280 - INFO - Found letter 'x' at (320, 1627)
2025-07-04 15:33:43,281 - INFO - Letters detected on screen: acilmx
2025-07-04 15:33:44,266 - INFO - --- Processing 3-letter words ---
2025-07-04 15:33:44,266 - INFO - Swiping 'ail' using sendevent...
2025-07-04 15:33:44,861 - INFO - Swiping 'aim' using sendevent...
2025-07-04 15:33:45,452 - INFO - Swiping 'aix' using sendevent...
2025-07-04 15:33:46,035 - INFO - Swiping 'alc' using sendevent...
2025-07-04 15:33:46,618 - INFO - Swiping 'ami' using sendevent...
2025-07-04 15:33:47,215 - INFO - Swiping 'cai' using sendevent...
2025-07-04 15:33:47,798 - INFO - Swiping 'cal' using sendevent...
2025-07-04 15:33:48,382 - INFO - Swiping 'cam' using sendevent...
2025-07-04 15:33:48,963 - INFO - Swiping 'cia' using sendevent...
2025-07-04 15:33:49,552 - INFO - Swiping 'cli' using sendevent...
2025-07-04 15:33:50,136 - INFO - Swiping 'cml' using sendevent...
2025-07-04 15:33:50,716 - INFO - Swiping 'ila' using sendevent...
2025-07-04 15:33:51,297 - INFO - Swiping 'ima' using sendevent...
2025-07-04 15:33:51,891 - INFO - Swiping 'lac' using sendevent...
2025-07-04 15:35:49,535 - INFO - Connected to device: R5CWB1J3MXR
2025-07-04 15:35:49,535 - INFO - Detecting touchscreen device...
2025-07-04 15:35:49,556 - INFO - Found touchscreen device: /dev/input/event2
2025-07-04 15:35:49,556 - INFO - Taking screenshot for template matching...
2025-07-04 15:35:51,070 - INFO - Found 6 templates: ['a', 'c', 'i', 'l', 'm', 'x']
2025-07-04 15:35:51,121 - INFO - Found letter 'a' at (321, 1878)
2025-07-04 15:35:51,168 - INFO - Found letter 'c' at (747, 1629)
2025-07-04 15:35:51,209 - INFO - Found letter 'i' at (539, 1487)
2025-07-04 15:35:51,249 - INFO - Found letter 'l' at (558, 1507)
2025-07-04 15:35:51,298 - INFO - Found letter 'm' at (536, 1995)
2025-07-04 15:35:51,345 - INFO - Found letter 'x' at (320, 1627)
2025-07-04 15:35:51,346 - INFO - Letters detected on screen: acilmx
2025-07-04 15:35:52,198 - INFO - --- Processing 3-letter words ---
2025-07-04 15:35:52,198 - INFO - Swiping 'ail' using sendevent...
2025-07-04 15:35:52,722 - INFO - Swiping 'aim' using sendevent...
2025-07-04 15:35:53,248 - INFO - Swiping 'aix' using sendevent...
2025-07-04 15:35:53,778 - INFO - Swiping 'alc' using sendevent...
2025-07-04 15:35:54,314 - INFO - Swiping 'ami' using sendevent...
2025-07-04 15:35:54,846 - INFO - Swiping 'cai' using sendevent...
2025-07-04 15:35:55,372 - INFO - Swiping 'cal' using sendevent...
2025-07-04 15:35:55,895 - INFO - Swiping 'cam' using sendevent...
2025-07-04 15:35:56,416 - INFO - Swiping 'cia' using sendevent...
2025-07-04 15:35:56,936 - INFO - Swiping 'cli' using sendevent...
2025-07-04 15:35:57,459 - INFO - Swiping 'cml' using sendevent...
2025-07-04 15:35:57,995 - INFO - Swiping 'ila' using sendevent...
2025-07-04 15:35:58,528 - INFO - Swiping 'ima' using sendevent...
2025-07-04 15:35:59,060 - INFO - Swiping 'lac' using sendevent...
2025-07-04 15:35:59,591 - INFO - Swiping 'lai' using sendevent...
2025-07-04 15:36:00,119 - INFO - Swiping 'lam' using sendevent...
2025-07-04 15:36:00,641 - INFO - Swiping 'lax' using sendevent...
2025-07-04 15:36:01,163 - INFO - Swiping 'lca' using sendevent...
2025-07-04 15:36:01,684 - INFO - Swiping 'lcm' using sendevent...
2025-07-04 15:36:02,208 - INFO - Swiping 'lim' using sendevent...
2025-07-04 15:41:41,430 - INFO - Connected to device: R5CWB1J3MXR
2025-07-04 15:41:41,430 - INFO - Detecting touchscreen device...
2025-07-04 15:41:41,468 - INFO - Found touchscreen device: /dev/input/event2
2025-07-04 15:41:41,468 - INFO - Taking screenshot for template matching...
2025-07-04 15:41:43,029 - INFO - Found 6 templates: ['a', 'c', 'i', 'l', 'm', 'x']
2025-07-04 15:41:43,085 - INFO - Found letter 'a' at (321, 1878)
2025-07-04 15:41:43,131 - INFO - Found letter 'c' at (747, 1629)
2025-07-04 15:41:43,176 - INFO - Found letter 'i' at (539, 1487)
2025-07-04 15:41:43,217 - INFO - Found letter 'l' at (558, 1507)
2025-07-04 15:41:43,266 - INFO - Found letter 'm' at (536, 1995)
2025-07-04 15:41:43,313 - INFO - Found letter 'x' at (320, 1627)
2025-07-04 15:41:43,313 - INFO - Letters detected on screen: acilmx
2025-07-04 15:41:44,195 - INFO - --- Processing 3-letter words ---
2025-07-04 15:41:44,195 - INFO - Swiping 'ail' using individual sendevent commands...
2025-07-04 15:41:45,085 - INFO - Swiping 'aim' using individual sendevent commands...
2025-07-04 15:41:45,998 - INFO - Swiping 'aix' using individual sendevent commands...
2025-07-04 15:41:46,886 - INFO - Swiping 'alc' using individual sendevent commands...
2025-07-04 15:41:47,760 - INFO - Swiping 'ami' using individual sendevent commands...
2025-07-04 15:41:48,676 - INFO - Swiping 'cai' using individual sendevent commands...
2025-07-04 15:41:49,528 - INFO - Swiping 'cal' using individual sendevent commands...
2025-07-04 15:41:50,442 - INFO - Swiping 'cam' using individual sendevent commands...
2025-07-04 15:41:51,321 - INFO - Swiping 'cia' using individual sendevent commands...
2025-07-04 15:41:52,172 - INFO - Swiping 'cli' using individual sendevent commands...
2025-07-04 15:41:53,083 - INFO - Swiping 'cml' using individual sendevent commands...
2025-07-04 15:41:53,962 - INFO - Swiping 'ila' using individual sendevent commands...
2025-07-04 15:43:15,939 - INFO - Connected to device: R5CWB1J3MXR
2025-07-04 15:43:15,939 - INFO - Taking screenshot for template matching...
2025-07-04 15:43:17,406 - INFO - Loading screenshot and templates...
2025-07-04 15:43:17,444 - INFO - Found 6 templates: ['a', 'c', 'i', 'l', 'm', 'x']
2025-07-04 15:43:17,493 - INFO - Found letter 'a' at (321, 1878)
2025-07-04 15:43:17,540 - INFO - Found letter 'c' at (747, 1629)
2025-07-04 15:43:17,582 - INFO - Found letter 'i' at (539, 1487)
2025-07-04 15:43:17,623 - INFO - Found letter 'l' at (558, 1507)
2025-07-04 15:43:17,670 - INFO - Found letter 'm' at (536, 1995)
2025-07-04 15:43:17,718 - INFO - Found letter 'x' at (320, 1627)
2025-07-04 15:43:17,718 - INFO - Letters detected on screen: acilmx
2025-07-04 15:43:18,605 - INFO - --- Processing 3-letter words ---
2025-07-04 15:43:18,605 - INFO - Executing swipe for 'ail': input swipe 321 1878 539 1487 50 && input swipe 539 1487 558 1507 50
2025-07-04 15:43:19,791 - INFO - Executing swipe for 'aim': input swipe 321 1878 539 1487 50 && input swipe 539 1487 536 1995 50
2025-07-04 15:43:20,973 - INFO - Executing swipe for 'aix': input swipe 321 1878 539 1487 50 && input swipe 539 1487 320 1627 50
2025-07-04 15:43:22,172 - INFO - Executing swipe for 'alc': input swipe 321 1878 558 1507 50 && input swipe 558 1507 747 1629 50
2025-07-04 15:43:23,356 - INFO - Executing swipe for 'ami': input swipe 321 1878 536 1995 50 && input swipe 536 1995 539 1487 50
2025-07-04 15:43:24,539 - INFO - Executing swipe for 'cai': input swipe 747 1629 321 1878 50 && input swipe 321 1878 539 1487 50
2025-07-04 15:43:25,724 - INFO - Executing swipe for 'cal': input swipe 747 1629 321 1878 50 && input swipe 321 1878 558 1507 50
